Component: ARM Compiler 5.06 update 5 (build 528) Tool: armlink [4d35e2]

==============================================================================

Section Cross References

    stm32f4xx_ll_usart.o(i.LL_USART_ClockInit) refers to stm32f4xx_ll_usart.o(i.LL_USART_IsEnabled) for LL_USART_IsEnabled
    stm32f4xx_ll_usart.o(i.LL_USART_DeInit) refers to stm32f4xx_ll_usart.o(i.LL_APB2_GRP1_ForceReset) for LL_APB2_GRP1_ForceReset
    stm32f4xx_ll_usart.o(i.LL_USART_DeInit) refers to stm32f4xx_ll_usart.o(i.LL_APB2_GRP1_ReleaseReset) for LL_APB2_GRP1_ReleaseReset
    stm32f4xx_ll_usart.o(i.LL_USART_Init) refers to stm32f4xx_ll_usart.o(i.LL_USART_IsEnabled) for LL_USART_IsEnabled
    stm32f4xx_ll_usart.o(i.LL_USART_Init) refers to stm32f4xx_ll_rcc.o(i.LL_RCC_GetSystemClocksFreq) for LL_RCC_GetSystemClocksFreq
    stm32f4xx_ll_usart.o(i.LL_USART_Init) refers to stm32f4xx_ll_usart.o(i.LL_USART_SetBaudRate) for LL_USART_SetBaudRate
    startup_stm32f401xe.o(STACK) refers (Special) to heapauxi.o(.text) for __use_two_region_memory
    startup_stm32f401xe.o(HEAP) refers (Special) to heapauxi.o(.text) for __use_two_region_memory
    startup_stm32f401xe.o(RESET) refers (Special) to heapauxi.o(.text) for __use_two_region_memory
    startup_stm32f401xe.o(RESET) refers to startup_stm32f401xe.o(STACK) for __initial_sp
    startup_stm32f401xe.o(RESET) refers to startup_stm32f401xe.o(.text) for Reset_Handler
    startup_stm32f401xe.o(RESET) refers to stm32f4xx_it.o(i.NMI_Handler) for NMI_Handler
    startup_stm32f401xe.o(RESET) refers to stm32f4xx_it.o(i.HardFault_Handler) for HardFault_Handler
    startup_stm32f401xe.o(RESET) refers to stm32f4xx_it.o(i.MemManage_Handler) for MemManage_Handler
    startup_stm32f401xe.o(RESET) refers to stm32f4xx_it.o(i.BusFault_Handler) for BusFault_Handler
    startup_stm32f401xe.o(RESET) refers to stm32f4xx_it.o(i.UsageFault_Handler) for UsageFault_Handler
    startup_stm32f401xe.o(RESET) refers to stm32f4xx_it.o(i.SVC_Handler) for SVC_Handler
    startup_stm32f401xe.o(RESET) refers to stm32f4xx_it.o(i.DebugMon_Handler) for DebugMon_Handler
    startup_stm32f401xe.o(RESET) refers to stm32f4xx_it.o(i.PendSV_Handler) for PendSV_Handler
    startup_stm32f401xe.o(RESET) refers to exampleprogram1.o(i.SysTick_Handler) for SysTick_Handler
    startup_stm32f401xe.o(.text) refers (Special) to heapauxi.o(.text) for __use_two_region_memory
    startup_stm32f401xe.o(.text) refers to system_stm32f4xx.o(i.SystemInit) for SystemInit
    startup_stm32f401xe.o(.text) refers to __main.o(!!!main) for __main
    startup_stm32f401xe.o(.text) refers to startup_stm32f401xe.o(HEAP) for Heap_Mem
    startup_stm32f401xe.o(.text) refers to startup_stm32f401xe.o(STACK) for Stack_Mem
    stm32f4xx_ll_utils.o(i.LL_PLL_ConfigSystemClock_HSE) refers to stm32f4xx_ll_utils.o(i.UTILS_PLL_IsBusy) for UTILS_PLL_IsBusy
    stm32f4xx_ll_utils.o(i.LL_PLL_ConfigSystemClock_HSE) refers to stm32f4xx_ll_utils.o(i.UTILS_GetPLLOutputFrequency) for UTILS_GetPLLOutputFrequency
    stm32f4xx_ll_utils.o(i.LL_PLL_ConfigSystemClock_HSE) refers to stm32f4xx_ll_utils.o(i.LL_RCC_HSE_IsReady) for LL_RCC_HSE_IsReady
    stm32f4xx_ll_utils.o(i.LL_PLL_ConfigSystemClock_HSE) refers to stm32f4xx_ll_utils.o(i.LL_RCC_PLL_ConfigDomain_SYS) for LL_RCC_PLL_ConfigDomain_SYS
    stm32f4xx_ll_utils.o(i.LL_PLL_ConfigSystemClock_HSE) refers to stm32f4xx_ll_utils.o(i.UTILS_EnablePLLAndSwitchSystem) for UTILS_EnablePLLAndSwitchSystem
    stm32f4xx_ll_utils.o(i.LL_PLL_ConfigSystemClock_HSI) refers to stm32f4xx_ll_utils.o(i.UTILS_PLL_IsBusy) for UTILS_PLL_IsBusy
    stm32f4xx_ll_utils.o(i.LL_PLL_ConfigSystemClock_HSI) refers to stm32f4xx_ll_utils.o(i.UTILS_GetPLLOutputFrequency) for UTILS_GetPLLOutputFrequency
    stm32f4xx_ll_utils.o(i.LL_PLL_ConfigSystemClock_HSI) refers to stm32f4xx_ll_utils.o(i.LL_RCC_HSI_IsReady) for LL_RCC_HSI_IsReady
    stm32f4xx_ll_utils.o(i.LL_PLL_ConfigSystemClock_HSI) refers to stm32f4xx_ll_utils.o(i.LL_RCC_PLL_ConfigDomain_SYS) for LL_RCC_PLL_ConfigDomain_SYS
    stm32f4xx_ll_utils.o(i.LL_PLL_ConfigSystemClock_HSI) refers to stm32f4xx_ll_utils.o(i.UTILS_EnablePLLAndSwitchSystem) for UTILS_EnablePLLAndSwitchSystem
    stm32f4xx_ll_utils.o(i.LL_SetSystemCoreClock) refers to system_stm32f4xx.o(.data) for SystemCoreClock
    stm32f4xx_ll_utils.o(i.UTILS_EnablePLLAndSwitchSystem) refers to stm32f4xx_ll_utils.o(i.UTILS_SetFlashLatency) for UTILS_SetFlashLatency
    stm32f4xx_ll_utils.o(i.UTILS_EnablePLLAndSwitchSystem) refers to stm32f4xx_ll_utils.o(i.LL_RCC_PLL_IsReady) for LL_RCC_PLL_IsReady
    stm32f4xx_ll_utils.o(i.UTILS_EnablePLLAndSwitchSystem) refers to stm32f4xx_ll_utils.o(i.LL_SetSystemCoreClock) for LL_SetSystemCoreClock
    stm32f4xx_ll_utils.o(i.UTILS_EnablePLLAndSwitchSystem) refers to system_stm32f4xx.o(.constdata) for AHBPrescTable
    stm32f4xx_ll_utils.o(i.UTILS_EnablePLLAndSwitchSystem) refers to system_stm32f4xx.o(.data) for SystemCoreClock
    stm32f4xx_ll_utils.o(i.UTILS_PLL_IsBusy) refers to stm32f4xx_ll_utils.o(i.LL_RCC_PLL_IsReady) for LL_RCC_PLL_IsReady
    system_stm32f4xx.o(i.SystemCoreClockUpdate) refers to system_stm32f4xx.o(.data) for SystemCoreClock
    system_stm32f4xx.o(i.SystemCoreClockUpdate) refers to system_stm32f4xx.o(.constdata) for AHBPrescTable
    stm32f4xx_ll_adc.o(i.LL_ADC_CommonInit) refers to stm32f4xx_ll_adc.o(i.LL_ADC_IsEnabled) for LL_ADC_IsEnabled
    stm32f4xx_ll_adc.o(i.LL_ADC_DeInit) refers to stm32f4xx_ll_adc.o(i.LL_ADC_IsEnabled) for LL_ADC_IsEnabled
    stm32f4xx_ll_adc.o(i.LL_ADC_INJ_Init) refers to stm32f4xx_ll_adc.o(i.LL_ADC_IsEnabled) for LL_ADC_IsEnabled
    stm32f4xx_ll_adc.o(i.LL_ADC_Init) refers to stm32f4xx_ll_adc.o(i.LL_ADC_IsEnabled) for LL_ADC_IsEnabled
    stm32f4xx_ll_adc.o(i.LL_ADC_REG_Init) refers to stm32f4xx_ll_adc.o(i.LL_ADC_IsEnabled) for LL_ADC_IsEnabled
    stm32f4xx_ll_exti.o(i.LL_EXTI_Init) refers to stm32f4xx_ll_exti.o(i.LL_EXTI_DisableEvent_0_31) for LL_EXTI_DisableEvent_0_31
    stm32f4xx_ll_exti.o(i.LL_EXTI_Init) refers to stm32f4xx_ll_exti.o(i.LL_EXTI_EnableIT_0_31) for LL_EXTI_EnableIT_0_31
    stm32f4xx_ll_exti.o(i.LL_EXTI_Init) refers to stm32f4xx_ll_exti.o(i.LL_EXTI_DisableIT_0_31) for LL_EXTI_DisableIT_0_31
    stm32f4xx_ll_exti.o(i.LL_EXTI_Init) refers to stm32f4xx_ll_exti.o(i.LL_EXTI_EnableEvent_0_31) for LL_EXTI_EnableEvent_0_31
    stm32f4xx_ll_exti.o(i.LL_EXTI_Init) refers to stm32f4xx_ll_exti.o(i.LL_EXTI_EnableRisingTrig_0_31) for LL_EXTI_EnableRisingTrig_0_31
    stm32f4xx_ll_exti.o(i.LL_EXTI_Init) refers to stm32f4xx_ll_exti.o(i.LL_EXTI_EnableFallingTrig_0_31) for LL_EXTI_EnableFallingTrig_0_31
    stm32f4xx_ll_gpio.o(i.LL_GPIO_DeInit) refers to stm32f4xx_ll_gpio.o(i.LL_AHB1_GRP1_ForceReset) for LL_AHB1_GRP1_ForceReset
    stm32f4xx_ll_gpio.o(i.LL_GPIO_DeInit) refers to stm32f4xx_ll_gpio.o(i.LL_AHB1_GRP1_ReleaseReset) for LL_AHB1_GRP1_ReleaseReset
    stm32f4xx_ll_i2c.o(i.LL_I2C_DeInit) refers to stm32f4xx_ll_i2c.o(i.LL_APB1_GRP1_ForceReset) for LL_APB1_GRP1_ForceReset
    stm32f4xx_ll_i2c.o(i.LL_I2C_DeInit) refers to stm32f4xx_ll_i2c.o(i.LL_APB1_GRP1_ReleaseReset) for LL_APB1_GRP1_ReleaseReset
    stm32f4xx_ll_i2c.o(i.LL_I2C_Init) refers to stm32f4xx_ll_rcc.o(i.LL_RCC_GetSystemClocksFreq) for LL_RCC_GetSystemClocksFreq
    stm32f4xx_ll_i2c.o(i.LL_I2C_Init) refers to stm32f4xx_ll_i2c.o(i.LL_I2C_ConfigSpeed) for LL_I2C_ConfigSpeed
    stm32f4xx_ll_rcc.o(i.LL_RCC_GetI2SClockFreq) refers to stm32f4xx_ll_rcc.o(i.RCC_PLLI2S_GetFreqDomain_I2S) for RCC_PLLI2S_GetFreqDomain_I2S
    stm32f4xx_ll_rcc.o(i.LL_RCC_GetSDIOClockFreq) refers to stm32f4xx_ll_rcc.o(i.LL_RCC_PLL_IsReady) for LL_RCC_PLL_IsReady
    stm32f4xx_ll_rcc.o(i.LL_RCC_GetSDIOClockFreq) refers to stm32f4xx_ll_rcc.o(i.RCC_PLL_GetFreqDomain_48M) for RCC_PLL_GetFreqDomain_48M
    stm32f4xx_ll_rcc.o(i.LL_RCC_GetSystemClocksFreq) refers to stm32f4xx_ll_rcc.o(i.RCC_GetSystemClockFreq) for RCC_GetSystemClockFreq
    stm32f4xx_ll_rcc.o(i.LL_RCC_GetSystemClocksFreq) refers to stm32f4xx_ll_rcc.o(i.RCC_GetHCLKClockFreq) for RCC_GetHCLKClockFreq
    stm32f4xx_ll_rcc.o(i.LL_RCC_GetSystemClocksFreq) refers to stm32f4xx_ll_rcc.o(i.RCC_GetPCLK1ClockFreq) for RCC_GetPCLK1ClockFreq
    stm32f4xx_ll_rcc.o(i.LL_RCC_GetSystemClocksFreq) refers to stm32f4xx_ll_rcc.o(i.RCC_GetPCLK2ClockFreq) for RCC_GetPCLK2ClockFreq
    stm32f4xx_ll_rcc.o(i.LL_RCC_GetUSBClockFreq) refers to stm32f4xx_ll_rcc.o(i.LL_RCC_PLL_IsReady) for LL_RCC_PLL_IsReady
    stm32f4xx_ll_rcc.o(i.LL_RCC_GetUSBClockFreq) refers to stm32f4xx_ll_rcc.o(i.RCC_PLL_GetFreqDomain_48M) for RCC_PLL_GetFreqDomain_48M
    stm32f4xx_ll_rcc.o(i.RCC_GetHCLKClockFreq) refers to system_stm32f4xx.o(.constdata) for AHBPrescTable
    stm32f4xx_ll_rcc.o(i.RCC_GetPCLK1ClockFreq) refers to system_stm32f4xx.o(.constdata) for APBPrescTable
    stm32f4xx_ll_rcc.o(i.RCC_GetPCLK2ClockFreq) refers to system_stm32f4xx.o(.constdata) for APBPrescTable
    stm32f4xx_ll_rcc.o(i.RCC_GetSystemClockFreq) refers to stm32f4xx_ll_rcc.o(i.RCC_PLL_GetFreqDomain_SYS) for RCC_PLL_GetFreqDomain_SYS
    stm32f4xx_ll_rcc.o(i.RCC_PLL_GetFreqDomain_48M) refers to stm32f4xx_ll_rcc.o(i.LL_RCC_PLL_GetN) for LL_RCC_PLL_GetN
    stm32f4xx_ll_rcc.o(i.RCC_PLL_GetFreqDomain_SYS) refers to stm32f4xx_ll_rcc.o(i.LL_RCC_PLL_GetN) for LL_RCC_PLL_GetN
    stm32f4xx_ll_spi.o(i.LL_I2S_DeInit) refers to stm32f4xx_ll_spi.o(i.LL_SPI_DeInit) for LL_SPI_DeInit
    stm32f4xx_ll_spi.o(i.LL_I2S_Init) refers to stm32f4xx_ll_spi.o(i.LL_I2S_IsEnabled) for LL_I2S_IsEnabled
    stm32f4xx_ll_spi.o(i.LL_I2S_Init) refers to stm32f4xx_ll_rcc.o(i.LL_RCC_GetI2SClockFreq) for LL_RCC_GetI2SClockFreq
    stm32f4xx_ll_spi.o(i.LL_I2S_InitFullDuplex) refers to stm32f4xx_ll_spi.o(i.LL_I2S_IsEnabled) for LL_I2S_IsEnabled
    stm32f4xx_ll_spi.o(i.LL_SPI_DeInit) refers to stm32f4xx_ll_spi.o(i.LL_APB2_GRP1_ForceReset) for LL_APB2_GRP1_ForceReset
    stm32f4xx_ll_spi.o(i.LL_SPI_DeInit) refers to stm32f4xx_ll_spi.o(i.LL_APB2_GRP1_ReleaseReset) for LL_APB2_GRP1_ReleaseReset
    stm32f4xx_ll_spi.o(i.LL_SPI_DeInit) refers to stm32f4xx_ll_spi.o(i.LL_APB1_GRP1_ForceReset) for LL_APB1_GRP1_ForceReset
    stm32f4xx_ll_spi.o(i.LL_SPI_DeInit) refers to stm32f4xx_ll_spi.o(i.LL_APB1_GRP1_ReleaseReset) for LL_APB1_GRP1_ReleaseReset
    stm32f4xx_ll_tim.o(i.LL_TIM_DeInit) refers to stm32f4xx_ll_tim.o(i.LL_APB2_GRP1_ForceReset) for LL_APB2_GRP1_ForceReset
    stm32f4xx_ll_tim.o(i.LL_TIM_DeInit) refers to stm32f4xx_ll_tim.o(i.LL_APB2_GRP1_ReleaseReset) for LL_APB2_GRP1_ReleaseReset
    stm32f4xx_ll_tim.o(i.LL_TIM_DeInit) refers to stm32f4xx_ll_tim.o(i.LL_APB1_GRP1_ForceReset) for LL_APB1_GRP1_ForceReset
    stm32f4xx_ll_tim.o(i.LL_TIM_DeInit) refers to stm32f4xx_ll_tim.o(i.LL_APB1_GRP1_ReleaseReset) for LL_APB1_GRP1_ReleaseReset
    stm32f4xx_ll_tim.o(i.LL_TIM_HALLSENSOR_Init) refers to stm32f4xx_ll_tim.o(i.LL_TIM_OC_SetCompareCH2) for LL_TIM_OC_SetCompareCH2
    stm32f4xx_ll_tim.o(i.LL_TIM_IC_Init) refers to stm32f4xx_ll_tim.o(i.IC1Config) for IC1Config
    stm32f4xx_ll_tim.o(i.LL_TIM_IC_Init) refers to stm32f4xx_ll_tim.o(i.IC2Config) for IC2Config
    stm32f4xx_ll_tim.o(i.LL_TIM_IC_Init) refers to stm32f4xx_ll_tim.o(i.IC3Config) for IC3Config
    stm32f4xx_ll_tim.o(i.LL_TIM_IC_Init) refers to stm32f4xx_ll_tim.o(i.IC4Config) for IC4Config
    stm32f4xx_ll_tim.o(i.LL_TIM_OC_Init) refers to stm32f4xx_ll_tim.o(i.OC1Config) for OC1Config
    stm32f4xx_ll_tim.o(i.LL_TIM_OC_Init) refers to stm32f4xx_ll_tim.o(i.OC2Config) for OC2Config
    stm32f4xx_ll_tim.o(i.LL_TIM_OC_Init) refers to stm32f4xx_ll_tim.o(i.OC3Config) for OC3Config
    stm32f4xx_ll_tim.o(i.LL_TIM_OC_Init) refers to stm32f4xx_ll_tim.o(i.OC4Config) for OC4Config
    stm32f4xx_ll_tim.o(i.OC2Config) refers to stm32f4xx_ll_tim.o(i.LL_TIM_OC_SetCompareCH2) for LL_TIM_OC_SetCompareCH2
    exampleprogram1.o(i.PlayTune) refers to exampleprogram1.o(i.delay_micro_s) for delay_micro_s
    exampleprogram1.o(i.PlayTune) refers to exampleprogram1.o(i.switch_LED_on) for switch_LED_on
    exampleprogram1.o(i.PlayTune) refers to exampleprogram1.o(i.switch_LED_off) for switch_LED_off
    exampleprogram1.o(i.SysTick_Handler) refers to exampleprogram1.o(.data) for count
    exampleprogram1.o(i.SystemClock_Config) refers to system_stm32f4xx.o(.data) for SystemCoreClock
    exampleprogram1.o(i.delay_micro_s) refers to exampleprogram1.o(i.millis) for millis
    exampleprogram1.o(i.main) refers to exampleprogram1.o(i.SystemClock_Config) for SystemClock_Config
    exampleprogram1.o(i.main) refers to exampleprogram1.o(i.LL_AHB1_GRP1_EnableClock) for LL_AHB1_GRP1_EnableClock
    exampleprogram1.o(i.main) refers to exampleprogram1.o(i.LL_GPIO_SetPinMode) for LL_GPIO_SetPinMode
    exampleprogram1.o(i.main) refers to exampleprogram1.o(i.LL_GPIO_SetPinOutputType) for LL_GPIO_SetPinOutputType
    exampleprogram1.o(i.main) refers to exampleprogram1.o(i.LL_GPIO_SetPinPull) for LL_GPIO_SetPinPull
    exampleprogram1.o(i.main) refers to exampleprogram1.o(i.LL_GPIO_SetPinSpeed) for LL_GPIO_SetPinSpeed
    exampleprogram1.o(i.main) refers to exampleprogram1.o(i.LL_GPIO_SetOutputPin) for LL_GPIO_SetOutputPin
    exampleprogram1.o(i.main) refers to exampleprogram1.o(i.PB_RIGHT_pressed) for PB_RIGHT_pressed
    exampleprogram1.o(i.main) refers to exampleprogram1.o(i.PlayTune) for PlayTune
    exampleprogram1.o(i.main) refers to exampleprogram1.o(i.switch_LED_off) for switch_LED_off
    exampleprogram1.o(i.main) refers to exampleprogram1.o(.constdata) for timedelay
    exampleprogram1.o(i.millis) refers to exampleprogram1.o(.data) for count
    exampleprogram1.o(i.switch_LED_off) refers to exampleprogram1.o(i.LL_GPIO_SetOutputPin) for LL_GPIO_SetOutputPin
    exampleprogram1.o(i.switch_LED_off) refers to exampleprogram1.o(i.LL_GPIO_ResetOutputPin) for LL_GPIO_ResetOutputPin
    exampleprogram1.o(i.switch_LED_on) refers to exampleprogram1.o(i.LL_GPIO_ResetOutputPin) for LL_GPIO_ResetOutputPin
    exampleprogram1.o(i.switch_LED_on) refers to exampleprogram1.o(i.LL_GPIO_SetOutputPin) for LL_GPIO_SetOutputPin
    __main.o(!!!main) refers to __rtentry.o(.ARM.Collect$$rtentry$$00000000) for __rt_entry
    __rtentry.o(.ARM.Collect$$rtentry$$00000000) refers (Special) to __rtentry2.o(.ARM.Collect$$rtentry$$0000000A) for __rt_entry_li
    __rtentry.o(.ARM.Collect$$rtentry$$00000000) refers (Special) to __rtentry2.o(.ARM.Collect$$rtentry$$0000000D) for __rt_entry_main
    __rtentry.o(.ARM.Collect$$rtentry$$00000000) refers (Special) to __rtentry2.o(.ARM.Collect$$rtentry$$0000000C) for __rt_entry_postli_1
    __rtentry.o(.ARM.Collect$$rtentry$$00000000) refers (Special) to __rtentry2.o(.ARM.Collect$$rtentry$$00000009) for __rt_entry_postsh_1
    __rtentry.o(.ARM.Collect$$rtentry$$00000000) refers (Special) to __rtentry2.o(.ARM.Collect$$rtentry$$00000002) for __rt_entry_presh_1
    __rtentry.o(.ARM.Collect$$rtentry$$00000000) refers (Special) to __rtentry4.o(.ARM.Collect$$rtentry$$00000004) for __rt_entry_sh
    __rtentry2.o(.ARM.Collect$$rtentry$$00000008) refers to boardinit2.o(.text) for _platform_post_stackheap_init
    __rtentry2.o(.ARM.Collect$$rtentry$$0000000A) refers to libinit.o(.ARM.Collect$$libinit$$00000000) for __rt_lib_init
    __rtentry2.o(.ARM.Collect$$rtentry$$0000000B) refers to boardinit3.o(.text) for _platform_post_lib_init
    __rtentry2.o(.ARM.Collect$$rtentry$$0000000D) refers to exampleprogram1.o(i.main) for main
    __rtentry2.o(.ARM.Collect$$rtentry$$0000000D) refers to exit.o(.text) for exit
    __rtentry2.o(.ARM.exidx) refers to __rtentry2.o(.ARM.Collect$$rtentry$$00000001) for .ARM.Collect$$rtentry$$00000001
    __rtentry2.o(.ARM.exidx) refers to __rtentry2.o(.ARM.Collect$$rtentry$$00000008) for .ARM.Collect$$rtentry$$00000008
    __rtentry2.o(.ARM.exidx) refers to __rtentry2.o(.ARM.Collect$$rtentry$$0000000A) for .ARM.Collect$$rtentry$$0000000A
    __rtentry2.o(.ARM.exidx) refers to __rtentry2.o(.ARM.Collect$$rtentry$$0000000B) for .ARM.Collect$$rtentry$$0000000B
    __rtentry2.o(.ARM.exidx) refers to __rtentry2.o(.ARM.Collect$$rtentry$$0000000D) for .ARM.Collect$$rtentry$$0000000D
    __rtentry4.o(.ARM.Collect$$rtentry$$00000004) refers to sys_stackheap_outer.o(.text) for __user_setup_stackheap
    __rtentry4.o(.ARM.exidx) refers to __rtentry4.o(.ARM.Collect$$rtentry$$00000004) for .ARM.Collect$$rtentry$$00000004
    sys_stackheap_outer.o(.text) refers to libspace.o(.text) for __user_perproc_libspace
    sys_stackheap_outer.o(.text) refers to startup_stm32f401xe.o(.text) for __user_initial_stackheap
    exit.o(.text) refers to rtexit.o(.ARM.Collect$$rtexit$$00000000) for __rt_exit
    libinit.o(.ARM.Collect$$libinit$$00000000) refers (Special) to libinit2.o(.ARM.Collect$$libinit$$0000002E) for __rt_lib_init_alloca_1
    libinit.o(.ARM.Collect$$libinit$$00000000) refers (Special) to libinit2.o(.ARM.Collect$$libinit$$0000002C) for __rt_lib_init_argv_1
    libinit.o(.ARM.Collect$$libinit$$00000000) refers (Special) to libinit2.o(.ARM.Collect$$libinit$$0000001B) for __rt_lib_init_atexit_1
    libinit.o(.ARM.Collect$$libinit$$00000000) refers (Special) to libinit2.o(.ARM.Collect$$libinit$$00000021) for __rt_lib_init_clock_1
    libinit.o(.ARM.Collect$$libinit$$00000000) refers (Special) to libinit2.o(.ARM.Collect$$libinit$$00000032) for __rt_lib_init_cpp_1
    libinit.o(.ARM.Collect$$libinit$$00000000) refers (Special) to libinit2.o(.ARM.Collect$$libinit$$00000030) for __rt_lib_init_exceptions_1
    libinit.o(.ARM.Collect$$libinit$$00000000) refers (Special) to libinit2.o(.ARM.Collect$$libinit$$00000001) for __rt_lib_init_fp_1
    libinit.o(.ARM.Collect$$libinit$$00000000) refers (Special) to libinit2.o(.ARM.Collect$$libinit$$0000001F) for __rt_lib_init_fp_trap_1
    libinit.o(.ARM.Collect$$libinit$$00000000) refers (Special) to libinit2.o(.ARM.Collect$$libinit$$00000023) for __rt_lib_init_getenv_1
    libinit.o(.ARM.Collect$$libinit$$00000000) refers (Special) to libinit2.o(.ARM.Collect$$libinit$$0000000A) for __rt_lib_init_heap_1
    libinit.o(.ARM.Collect$$libinit$$00000000) refers (Special) to libinit2.o(.ARM.Collect$$libinit$$00000011) for __rt_lib_init_lc_collate_1
    libinit.o(.ARM.Collect$$libinit$$00000000) refers (Special) to libinit2.o(.ARM.Collect$$libinit$$00000013) for __rt_lib_init_lc_ctype_1
    libinit.o(.ARM.Collect$$libinit$$00000000) refers (Special) to libinit2.o(.ARM.Collect$$libinit$$00000015) for __rt_lib_init_lc_monetary_1
    libinit.o(.ARM.Collect$$libinit$$00000000) refers (Special) to libinit2.o(.ARM.Collect$$libinit$$00000017) for __rt_lib_init_lc_numeric_1
    libinit.o(.ARM.Collect$$libinit$$00000000) refers (Special) to libinit2.o(.ARM.Collect$$libinit$$00000019) for __rt_lib_init_lc_time_1
    libinit.o(.ARM.Collect$$libinit$$00000000) refers (Special) to libinit2.o(.ARM.Collect$$libinit$$00000004) for __rt_lib_init_preinit_1
    libinit.o(.ARM.Collect$$libinit$$00000000) refers (Special) to libinit2.o(.ARM.Collect$$libinit$$0000000E) for __rt_lib_init_rand_1
    libinit.o(.ARM.Collect$$libinit$$00000000) refers (Special) to libinit2.o(.ARM.Collect$$libinit$$00000033) for __rt_lib_init_return
    libinit.o(.ARM.Collect$$libinit$$00000000) refers (Special) to libinit2.o(.ARM.Collect$$libinit$$0000001D) for __rt_lib_init_signal_1
    libinit.o(.ARM.Collect$$libinit$$00000000) refers (Special) to libinit2.o(.ARM.Collect$$libinit$$00000025) for __rt_lib_init_stdio_1
    libinit.o(.ARM.Collect$$libinit$$00000000) refers (Special) to libinit2.o(.ARM.Collect$$libinit$$0000000C) for __rt_lib_init_user_alloc_1
    libspace.o(.text) refers to libspace.o(.bss) for __libspace_start
    rtexit.o(.ARM.Collect$$rtexit$$00000000) refers (Special) to rtexit2.o(.ARM.Collect$$rtexit$$00000004) for __rt_exit_exit
    rtexit.o(.ARM.Collect$$rtexit$$00000000) refers (Special) to rtexit2.o(.ARM.Collect$$rtexit$$00000003) for __rt_exit_ls
    rtexit.o(.ARM.Collect$$rtexit$$00000000) refers (Special) to rtexit2.o(.ARM.Collect$$rtexit$$00000002) for __rt_exit_prels_1
    rtexit.o(.ARM.exidx) refers (Special) to rtexit2.o(.ARM.Collect$$rtexit$$00000004) for __rt_exit_exit
    rtexit.o(.ARM.exidx) refers (Special) to rtexit2.o(.ARM.Collect$$rtexit$$00000003) for __rt_exit_ls
    rtexit.o(.ARM.exidx) refers (Special) to rtexit2.o(.ARM.Collect$$rtexit$$00000002) for __rt_exit_prels_1
    rtexit.o(.ARM.exidx) refers to rtexit.o(.ARM.Collect$$rtexit$$00000000) for .ARM.Collect$$rtexit$$00000000
    libinit2.o(.ARM.Collect$$libinit$$00000001) refers to fpinit.o(x$fpl$fpinit) for _fp_init
    libinit2.o(.ARM.Collect$$libinit$$00000010) refers to libinit2.o(.ARM.Collect$$libinit$$0000000F) for .ARM.Collect$$libinit$$0000000F
    libinit2.o(.ARM.Collect$$libinit$$00000012) refers to libinit2.o(.ARM.Collect$$libinit$$0000000F) for .ARM.Collect$$libinit$$0000000F
    libinit2.o(.ARM.Collect$$libinit$$00000014) refers to libinit2.o(.ARM.Collect$$libinit$$0000000F) for .ARM.Collect$$libinit$$0000000F
    libinit2.o(.ARM.Collect$$libinit$$00000016) refers to libinit2.o(.ARM.Collect$$libinit$$0000000F) for .ARM.Collect$$libinit$$0000000F
    libinit2.o(.ARM.Collect$$libinit$$00000018) refers to libinit2.o(.ARM.Collect$$libinit$$0000000F) for .ARM.Collect$$libinit$$0000000F
    libinit2.o(.ARM.Collect$$libinit$$00000026) refers to argv_veneer.o(.emb_text) for __ARM_argv_veneer
    libinit2.o(.ARM.Collect$$libinit$$00000027) refers to argv_veneer.o(.emb_text) for __ARM_argv_veneer
    rtexit2.o(.ARM.Collect$$rtexit$$00000003) refers to libshutdown.o(.ARM.Collect$$libshutdown$$00000000) for __rt_lib_shutdown
    rtexit2.o(.ARM.Collect$$rtexit$$00000004) refers to sys_exit.o(.text) for _sys_exit
    rtexit2.o(.ARM.exidx) refers to rtexit2.o(.ARM.Collect$$rtexit$$00000001) for .ARM.Collect$$rtexit$$00000001
    rtexit2.o(.ARM.exidx) refers to rtexit2.o(.ARM.Collect$$rtexit$$00000003) for .ARM.Collect$$rtexit$$00000003
    rtexit2.o(.ARM.exidx) refers to rtexit2.o(.ARM.Collect$$rtexit$$00000004) for .ARM.Collect$$rtexit$$00000004
    argv_veneer.o(.emb_text) refers to no_argv.o(.text) for __ARM_get_argv
    sys_exit.o(.text) refers (Special) to use_no_semi.o(.text) for __I$use$semihosting
    sys_exit.o(.text) refers (Special) to indicate_semi.o(.text) for __semihosting_library_function
    _get_argv_nomalloc.o(.text) refers (Special) to hrguard.o(.text) for __heap_region$guard
    _get_argv_nomalloc.o(.text) refers to defsig_rtmem_outer.o(.text) for __rt_SIGRTMEM
    _get_argv_nomalloc.o(.text) refers to sys_command.o(.text) for _sys_command_string
    libshutdown.o(.ARM.Collect$$libshutdown$$00000000) refers (Special) to libshutdown2.o(.ARM.Collect$$libshutdown$$00000002) for __rt_lib_shutdown_cpp_1
    libshutdown.o(.ARM.Collect$$libshutdown$$00000000) refers (Special) to libshutdown2.o(.ARM.Collect$$libshutdown$$00000007) for __rt_lib_shutdown_fp_trap_1
    libshutdown.o(.ARM.Collect$$libshutdown$$00000000) refers (Special) to libshutdown2.o(.ARM.Collect$$libshutdown$$0000000F) for __rt_lib_shutdown_heap_1
    libshutdown.o(.ARM.Collect$$libshutdown$$00000000) refers (Special) to libshutdown2.o(.ARM.Collect$$libshutdown$$00000010) for __rt_lib_shutdown_return
    libshutdown.o(.ARM.Collect$$libshutdown$$00000000) refers (Special) to libshutdown2.o(.ARM.Collect$$libshutdown$$0000000A) for __rt_lib_shutdown_signal_1
    libshutdown.o(.ARM.Collect$$libshutdown$$00000000) refers (Special) to libshutdown2.o(.ARM.Collect$$libshutdown$$00000004) for __rt_lib_shutdown_stdio_1
    libshutdown.o(.ARM.Collect$$libshutdown$$00000000) refers (Special) to libshutdown2.o(.ARM.Collect$$libshutdown$$0000000C) for __rt_lib_shutdown_user_alloc_1
    sys_command.o(.text) refers (Special) to use_no_semi.o(.text) for __I$use$semihosting
    sys_command.o(.text) refers (Special) to indicate_semi.o(.text) for __semihosting_library_function
    defsig_rtmem_outer.o(.text) refers to defsig_rtmem_inner.o(.text) for __rt_SIGRTMEM_inner
    defsig_rtmem_outer.o(.text) refers to defsig_exit.o(.text) for __sig_exit
    defsig_rtmem_formal.o(.text) refers to rt_raise.o(.text) for __rt_raise
    rt_raise.o(.text) refers to __raise.o(.text) for __raise
    rt_raise.o(.text) refers to sys_exit.o(.text) for _sys_exit
    defsig_exit.o(.text) refers to sys_exit.o(.text) for _sys_exit
    defsig_rtmem_inner.o(.text) refers to defsig_general.o(.text) for __default_signal_display
    __raise.o(.text) refers to defsig.o(CL$$defsig) for __default_signal_handler
    defsig_general.o(.text) refers to sys_wrch.o(.text) for _ttywrch
    sys_wrch.o(.text) refers (Special) to use_no_semi.o(.text) for __I$use$semihosting
    sys_wrch.o(.text) refers (Special) to indicate_semi.o(.text) for __semihosting_library_function
    defsig.o(CL$$defsig) refers to defsig_rtmem_inner.o(.text) for __rt_SIGRTMEM_inner
    defsig_abrt_inner.o(.text) refers to defsig_general.o(.text) for __default_signal_display
    defsig_fpe_inner.o(.text) refers to defsig_general.o(.text) for __default_signal_display
    defsig_rtred_inner.o(.text) refers to defsig_general.o(.text) for __default_signal_display
    defsig_stak_inner.o(.text) refers to defsig_general.o(.text) for __default_signal_display
    defsig_pvfn_inner.o(.text) refers to defsig_general.o(.text) for __default_signal_display
    defsig_cppl_inner.o(.text) refers to defsig_general.o(.text) for __default_signal_display
    defsig_segv_inner.o(.text) refers to defsig_general.o(.text) for __default_signal_display
    defsig_other.o(.text) refers to defsig_general.o(.text) for __default_signal_display


==============================================================================

Removing Unused input sections from the image.

    Removing stm32f4xx_ll_usart.o(.rev16_text), (4 bytes).
    Removing stm32f4xx_ll_usart.o(.revsh_text), (4 bytes).
    Removing stm32f4xx_ll_usart.o(.rrx_text), (6 bytes).
    Removing stm32f4xx_ll_usart.o(i.LL_APB2_GRP1_ForceReset), (16 bytes).
    Removing stm32f4xx_ll_usart.o(i.LL_APB2_GRP1_ReleaseReset), (16 bytes).
    Removing stm32f4xx_ll_usart.o(i.LL_USART_ClockInit), (66 bytes).
    Removing stm32f4xx_ll_usart.o(i.LL_USART_ClockStructInit), (12 bytes).
    Removing stm32f4xx_ll_usart.o(i.LL_USART_DeInit), (104 bytes).
    Removing stm32f4xx_ll_usart.o(i.LL_USART_Init), (152 bytes).
    Removing stm32f4xx_ll_usart.o(i.LL_USART_IsEnabled), (10 bytes).
    Removing stm32f4xx_ll_usart.o(i.LL_USART_SetBaudRate), (322 bytes).
    Removing stm32f4xx_ll_usart.o(i.LL_USART_StructInit), (26 bytes).
    Removing stm32f4xx_it.o(.rev16_text), (4 bytes).
    Removing stm32f4xx_it.o(.revsh_text), (4 bytes).
    Removing stm32f4xx_it.o(.rrx_text), (6 bytes).
    Removing stm32f4xx_it.o(.constdata), (43 bytes).
    Removing stm32f4xx_ll_utils.o(.rev16_text), (4 bytes).
    Removing stm32f4xx_ll_utils.o(.revsh_text), (4 bytes).
    Removing stm32f4xx_ll_utils.o(.rrx_text), (6 bytes).
    Removing stm32f4xx_ll_utils.o(i.LL_Init1msTick), (28 bytes).
    Removing stm32f4xx_ll_utils.o(i.LL_PLL_ConfigSystemClock_HSE), (152 bytes).
    Removing stm32f4xx_ll_utils.o(i.LL_PLL_ConfigSystemClock_HSI), (104 bytes).
    Removing stm32f4xx_ll_utils.o(i.LL_RCC_HSE_IsReady), (16 bytes).
    Removing stm32f4xx_ll_utils.o(i.LL_RCC_HSI_IsReady), (16 bytes).
    Removing stm32f4xx_ll_utils.o(i.LL_RCC_PLL_ConfigDomain_SYS), (48 bytes).
    Removing stm32f4xx_ll_utils.o(i.LL_RCC_PLL_IsReady), (16 bytes).
    Removing stm32f4xx_ll_utils.o(i.LL_SetSystemCoreClock), (12 bytes).
    Removing stm32f4xx_ll_utils.o(i.LL_mDelay), (40 bytes).
    Removing stm32f4xx_ll_utils.o(i.UTILS_EnablePLLAndSwitchSystem), (212 bytes).
    Removing stm32f4xx_ll_utils.o(i.UTILS_GetPLLOutputFrequency), (40 bytes).
    Removing stm32f4xx_ll_utils.o(i.UTILS_PLL_IsBusy), (36 bytes).
    Removing stm32f4xx_ll_utils.o(i.UTILS_SetFlashLatency), (148 bytes).
    Removing system_stm32f4xx.o(.rev16_text), (4 bytes).
    Removing system_stm32f4xx.o(.revsh_text), (4 bytes).
    Removing system_stm32f4xx.o(.rrx_text), (6 bytes).
    Removing system_stm32f4xx.o(i.SystemCoreClockUpdate), (192 bytes).
    Removing system_stm32f4xx.o(.constdata), (24 bytes).
    Removing stm32f4xx_ll_adc.o(.rev16_text), (4 bytes).
    Removing stm32f4xx_ll_adc.o(.revsh_text), (4 bytes).
    Removing stm32f4xx_ll_adc.o(.rrx_text), (6 bytes).
    Removing stm32f4xx_ll_adc.o(i.LL_ADC_CommonDeInit), (40 bytes).
    Removing stm32f4xx_ll_adc.o(i.LL_ADC_CommonInit), (44 bytes).
    Removing stm32f4xx_ll_adc.o(i.LL_ADC_CommonStructInit), (6 bytes).
    Removing stm32f4xx_ll_adc.o(i.LL_ADC_DeInit), (212 bytes).
    Removing stm32f4xx_ll_adc.o(i.LL_ADC_INJ_Init), (94 bytes).
    Removing stm32f4xx_ll_adc.o(i.LL_ADC_INJ_StructInit), (12 bytes).
    Removing stm32f4xx_ll_adc.o(i.LL_ADC_Init), (56 bytes).
    Removing stm32f4xx_ll_adc.o(i.LL_ADC_IsEnabled), (10 bytes).
    Removing stm32f4xx_ll_adc.o(i.LL_ADC_REG_Init), (108 bytes).
    Removing stm32f4xx_ll_adc.o(i.LL_ADC_REG_StructInit), (14 bytes).
    Removing stm32f4xx_ll_adc.o(i.LL_ADC_StructInit), (14 bytes).
    Removing stm32f4xx_ll_exti.o(.rev16_text), (4 bytes).
    Removing stm32f4xx_ll_exti.o(.revsh_text), (4 bytes).
    Removing stm32f4xx_ll_exti.o(.rrx_text), (6 bytes).
    Removing stm32f4xx_ll_exti.o(i.LL_EXTI_DeInit), (40 bytes).
    Removing stm32f4xx_ll_exti.o(i.LL_EXTI_DisableEvent_0_31), (16 bytes).
    Removing stm32f4xx_ll_exti.o(i.LL_EXTI_DisableIT_0_31), (16 bytes).
    Removing stm32f4xx_ll_exti.o(i.LL_EXTI_EnableEvent_0_31), (16 bytes).
    Removing stm32f4xx_ll_exti.o(i.LL_EXTI_EnableFallingTrig_0_31), (16 bytes).
    Removing stm32f4xx_ll_exti.o(i.LL_EXTI_EnableIT_0_31), (16 bytes).
    Removing stm32f4xx_ll_exti.o(i.LL_EXTI_EnableRisingTrig_0_31), (16 bytes).
    Removing stm32f4xx_ll_exti.o(i.LL_EXTI_Init), (188 bytes).
    Removing stm32f4xx_ll_exti.o(i.LL_EXTI_StructInit), (14 bytes).
    Removing stm32f4xx_ll_gpio.o(.rev16_text), (4 bytes).
    Removing stm32f4xx_ll_gpio.o(.revsh_text), (4 bytes).
    Removing stm32f4xx_ll_gpio.o(.rrx_text), (6 bytes).
    Removing stm32f4xx_ll_gpio.o(i.LL_AHB1_GRP1_ForceReset), (16 bytes).
    Removing stm32f4xx_ll_gpio.o(i.LL_AHB1_GRP1_ReleaseReset), (16 bytes).
    Removing stm32f4xx_ll_gpio.o(i.LL_GPIO_DeInit), (156 bytes).
    Removing stm32f4xx_ll_gpio.o(i.LL_GPIO_Init), (324 bytes).
    Removing stm32f4xx_ll_gpio.o(i.LL_GPIO_StructInit), (22 bytes).
    Removing stm32f4xx_ll_i2c.o(.rev16_text), (4 bytes).
    Removing stm32f4xx_ll_i2c.o(.revsh_text), (4 bytes).
    Removing stm32f4xx_ll_i2c.o(.rrx_text), (6 bytes).
    Removing stm32f4xx_ll_i2c.o(i.LL_APB1_GRP1_ForceReset), (16 bytes).
    Removing stm32f4xx_ll_i2c.o(i.LL_APB1_GRP1_ReleaseReset), (16 bytes).
    Removing stm32f4xx_ll_i2c.o(i.LL_I2C_ConfigSpeed), (188 bytes).
    Removing stm32f4xx_ll_i2c.o(i.LL_I2C_DeInit), (92 bytes).
    Removing stm32f4xx_ll_i2c.o(i.LL_I2C_Init), (124 bytes).
    Removing stm32f4xx_ll_i2c.o(i.LL_I2C_StructInit), (30 bytes).
    Removing stm32f4xx_ll_pwr.o(.rev16_text), (4 bytes).
    Removing stm32f4xx_ll_pwr.o(.revsh_text), (4 bytes).
    Removing stm32f4xx_ll_pwr.o(.rrx_text), (6 bytes).
    Removing stm32f4xx_ll_pwr.o(i.LL_PWR_DeInit), (36 bytes).
    Removing stm32f4xx_ll_rcc.o(.rev16_text), (4 bytes).
    Removing stm32f4xx_ll_rcc.o(.revsh_text), (4 bytes).
    Removing stm32f4xx_ll_rcc.o(.rrx_text), (6 bytes).
    Removing stm32f4xx_ll_rcc.o(i.LL_RCC_DeInit), (120 bytes).
    Removing stm32f4xx_ll_rcc.o(i.LL_RCC_GetI2SClockFreq), (72 bytes).
    Removing stm32f4xx_ll_rcc.o(i.LL_RCC_GetSDIOClockFreq), (28 bytes).
    Removing stm32f4xx_ll_rcc.o(i.LL_RCC_GetSystemClocksFreq), (36 bytes).
    Removing stm32f4xx_ll_rcc.o(i.LL_RCC_GetUSBClockFreq), (22 bytes).
    Removing stm32f4xx_ll_rcc.o(i.LL_RCC_PLL_GetN), (16 bytes).
    Removing stm32f4xx_ll_rcc.o(i.LL_RCC_PLL_IsReady), (16 bytes).
    Removing stm32f4xx_ll_rcc.o(i.RCC_GetHCLKClockFreq), (32 bytes).
    Removing stm32f4xx_ll_rcc.o(i.RCC_GetPCLK1ClockFreq), (36 bytes).
    Removing stm32f4xx_ll_rcc.o(i.RCC_GetPCLK2ClockFreq), (36 bytes).
    Removing stm32f4xx_ll_rcc.o(i.RCC_GetSystemClockFreq), (68 bytes).
    Removing stm32f4xx_ll_rcc.o(i.RCC_PLLI2S_GetFreqDomain_I2S), (96 bytes).
    Removing stm32f4xx_ll_rcc.o(i.RCC_PLL_GetFreqDomain_48M), (92 bytes).
    Removing stm32f4xx_ll_rcc.o(i.RCC_PLL_GetFreqDomain_SYS), (112 bytes).
    Removing stm32f4xx_ll_spi.o(.rev16_text), (4 bytes).
    Removing stm32f4xx_ll_spi.o(.revsh_text), (4 bytes).
    Removing stm32f4xx_ll_spi.o(.rrx_text), (6 bytes).
    Removing stm32f4xx_ll_spi.o(i.LL_APB1_GRP1_ForceReset), (16 bytes).
    Removing stm32f4xx_ll_spi.o(i.LL_APB1_GRP1_ReleaseReset), (16 bytes).
    Removing stm32f4xx_ll_spi.o(i.LL_APB2_GRP1_ForceReset), (16 bytes).
    Removing stm32f4xx_ll_spi.o(i.LL_APB2_GRP1_ReleaseReset), (16 bytes).
    Removing stm32f4xx_ll_spi.o(i.LL_I2S_ConfigPrescaler), (18 bytes).
    Removing stm32f4xx_ll_spi.o(i.LL_I2S_DeInit), (12 bytes).
    Removing stm32f4xx_ll_spi.o(i.LL_I2S_Init), (202 bytes).
    Removing stm32f4xx_ll_spi.o(i.LL_I2S_InitFullDuplex), (96 bytes).
    Removing stm32f4xx_ll_spi.o(i.LL_I2S_IsEnabled), (10 bytes).
    Removing stm32f4xx_ll_spi.o(i.LL_I2S_StructInit), (20 bytes).
    Removing stm32f4xx_ll_spi.o(i.LL_SPI_DeInit), (108 bytes).
    Removing stm32f4xx_ll_spi.o(i.LL_SPI_Init), (108 bytes).
    Removing stm32f4xx_ll_spi.o(i.LL_SPI_StructInit), (26 bytes).
    Removing stm32f4xx_ll_tim.o(.rev16_text), (4 bytes).
    Removing stm32f4xx_ll_tim.o(.revsh_text), (4 bytes).
    Removing stm32f4xx_ll_tim.o(.rrx_text), (6 bytes).
    Removing stm32f4xx_ll_tim.o(i.IC1Config), (52 bytes).
    Removing stm32f4xx_ll_tim.o(i.IC2Config), (56 bytes).
    Removing stm32f4xx_ll_tim.o(i.IC3Config), (58 bytes).
    Removing stm32f4xx_ll_tim.o(i.IC4Config), (58 bytes).
    Removing stm32f4xx_ll_tim.o(i.LL_APB1_GRP1_ForceReset), (16 bytes).
    Removing stm32f4xx_ll_tim.o(i.LL_APB1_GRP1_ReleaseReset), (16 bytes).
    Removing stm32f4xx_ll_tim.o(i.LL_APB2_GRP1_ForceReset), (16 bytes).
    Removing stm32f4xx_ll_tim.o(i.LL_APB2_GRP1_ReleaseReset), (16 bytes).
    Removing stm32f4xx_ll_tim.o(i.LL_TIM_BDTR_Init), (82 bytes).
    Removing stm32f4xx_ll_tim.o(i.LL_TIM_BDTR_StructInit), (18 bytes).
    Removing stm32f4xx_ll_tim.o(i.LL_TIM_DeInit), (212 bytes).
    Removing stm32f4xx_ll_tim.o(i.LL_TIM_ENCODER_Init), (104 bytes).
    Removing stm32f4xx_ll_tim.o(i.LL_TIM_ENCODER_StructInit), (36 bytes).
    Removing stm32f4xx_ll_tim.o(i.LL_TIM_HALLSENSOR_Init), (124 bytes).
    Removing stm32f4xx_ll_tim.o(i.LL_TIM_HALLSENSOR_StructInit), (12 bytes).
    Removing stm32f4xx_ll_tim.o(i.LL_TIM_IC_Init), (92 bytes).
    Removing stm32f4xx_ll_tim.o(i.LL_TIM_IC_StructInit), (18 bytes).
    Removing stm32f4xx_ll_tim.o(i.LL_TIM_Init), (180 bytes).
    Removing stm32f4xx_ll_tim.o(i.LL_TIM_OC_Init), (92 bytes).
    Removing stm32f4xx_ll_tim.o(i.LL_TIM_OC_SetCompareCH2), (4 bytes).
    Removing stm32f4xx_ll_tim.o(i.LL_TIM_OC_StructInit), (20 bytes).
    Removing stm32f4xx_ll_tim.o(i.LL_TIM_StructInit), (18 bytes).
    Removing stm32f4xx_ll_tim.o(i.OC1Config), (124 bytes).
    Removing stm32f4xx_ll_tim.o(i.OC2Config), (136 bytes).
    Removing stm32f4xx_ll_tim.o(i.OC3Config), (124 bytes).
    Removing stm32f4xx_ll_tim.o(i.OC4Config), (96 bytes).
    Removing stm32f4xx_ll_tim.o(.constdata), (35 bytes).
    Removing exampleprogram1.o(.rev16_text), (4 bytes).
    Removing exampleprogram1.o(.revsh_text), (4 bytes).
    Removing exampleprogram1.o(.rrx_text), (6 bytes).

150 unused section(s) (total 7278 bytes) removed from the image.

==============================================================================

Image Symbol Table

    Local Symbols

    Symbol Name                              Value     Ov Type        Size  Object(Section)

    ../clib/angel/boardlib.s                 0x00000000   Number         0  boardinit2.o ABSOLUTE
    ../clib/angel/boardlib.s                 0x00000000   Number         0  boardinit1.o ABSOLUTE
    ../clib/angel/boardlib.s                 0x00000000   Number         0  boardshut.o ABSOLUTE
    ../clib/angel/boardlib.s                 0x00000000   Number         0  boardinit3.o ABSOLUTE
    ../clib/angel/handlers.s                 0x00000000   Number         0  __scatter_zi.o ABSOLUTE
    ../clib/angel/handlers.s                 0x00000000   Number         0  __scatter_copy.o ABSOLUTE
    ../clib/angel/kernel.s                   0x00000000   Number         0  __rtentry4.o ABSOLUTE
    ../clib/angel/kernel.s                   0x00000000   Number         0  rtexit.o ABSOLUTE
    ../clib/angel/kernel.s                   0x00000000   Number         0  __rtentry2.o ABSOLUTE
    ../clib/angel/kernel.s                   0x00000000   Number         0  rtexit2.o ABSOLUTE
    ../clib/angel/kernel.s                   0x00000000   Number         0  __rtentry.o ABSOLUTE
    ../clib/angel/rt.s                       0x00000000   Number         0  rt_raise.o ABSOLUTE
    ../clib/angel/scatter.s                  0x00000000   Number         0  __scatter.o ABSOLUTE
    ../clib/angel/startup.s                  0x00000000   Number         0  __main.o ABSOLUTE
    ../clib/angel/sys.s                      0x00000000   Number         0  sys_stackheap_outer.o ABSOLUTE
    ../clib/angel/sys.s                      0x00000000   Number         0  use_no_semi.o ABSOLUTE
    ../clib/angel/sys.s                      0x00000000   Number         0  indicate_semi.o ABSOLUTE
    ../clib/angel/sys.s                      0x00000000   Number         0  libspace.o ABSOLUTE
    ../clib/angel/sysapp.c                   0x00000000   Number         0  sys_command.o ABSOLUTE
    ../clib/angel/sysapp.c                   0x00000000   Number         0  sys_exit.o ABSOLUTE
    ../clib/angel/sysapp.c                   0x00000000   Number         0  sys_wrch.o ABSOLUTE
    ../clib/armsys.c                         0x00000000   Number         0  _get_argv_nomalloc.o ABSOLUTE
    ../clib/armsys.c                         0x00000000   Number         0  no_argv.o ABSOLUTE
    ../clib/armsys.c                         0x00000000   Number         0  argv_veneer.o ABSOLUTE
    ../clib/armsys.c                         0x00000000   Number         0  argv_veneer.o ABSOLUTE
    ../clib/heapalloc.c                      0x00000000   Number         0  hrguard.o ABSOLUTE
    ../clib/heapaux.c                        0x00000000   Number         0  heapauxi.o ABSOLUTE
    ../clib/libinit.s                        0x00000000   Number         0  libinit2.o ABSOLUTE
    ../clib/libinit.s                        0x00000000   Number         0  libshutdown.o ABSOLUTE
    ../clib/libinit.s                        0x00000000   Number         0  libshutdown2.o ABSOLUTE
    ../clib/libinit.s                        0x00000000   Number         0  libinit.o ABSOLUTE
    ../clib/signal.c                         0x00000000   Number         0  defsig_fpe_inner.o ABSOLUTE
    ../clib/signal.c                         0x00000000   Number         0  defsig_other.o ABSOLUTE
    ../clib/signal.c                         0x00000000   Number         0  defsig_segv_inner.o ABSOLUTE
    ../clib/signal.c                         0x00000000   Number         0  defsig_cppl_inner.o ABSOLUTE
    ../clib/signal.c                         0x00000000   Number         0  defsig_pvfn_inner.o ABSOLUTE
    ../clib/signal.c                         0x00000000   Number         0  defsig_stak_inner.o ABSOLUTE
    ../clib/signal.c                         0x00000000   Number         0  defsig_abrt_inner.o ABSOLUTE
    ../clib/signal.c                         0x00000000   Number         0  defsig_rtmem_outer.o ABSOLUTE
    ../clib/signal.c                         0x00000000   Number         0  defsig_exit.o ABSOLUTE
    ../clib/signal.c                         0x00000000   Number         0  defsig_rtmem_inner.o ABSOLUTE
    ../clib/signal.c                         0x00000000   Number         0  __raise.o ABSOLUTE
    ../clib/signal.c                         0x00000000   Number         0  defsig_rtmem_formal.o ABSOLUTE
    ../clib/signal.c                         0x00000000   Number         0  defsig_rtred_inner.o ABSOLUTE
    ../clib/signal.c                         0x00000000   Number         0  defsig_general.o ABSOLUTE
    ../clib/signal.s                         0x00000000   Number         0  defsig.o ABSOLUTE
    ../clib/stdlib.c                         0x00000000   Number         0  exit.o ABSOLUTE
    ../fplib/fpinit.s                        0x00000000   Number         0  fpinit.o ABSOLUTE
    ExampleProgram1.c                        0x00000000   Number         0  exampleprogram1.o ABSOLUTE
    ExampleProgram1.c                        0x00000000   Number         0  exampleprogram1.o ABSOLUTE
    Low_Layer_Library\\stm32f4xx_ll_adc.c    0x00000000   Number         0  stm32f4xx_ll_adc.o ABSOLUTE
    Low_Layer_Library\\stm32f4xx_ll_exti.c   0x00000000   Number         0  stm32f4xx_ll_exti.o ABSOLUTE
    Low_Layer_Library\\stm32f4xx_ll_gpio.c   0x00000000   Number         0  stm32f4xx_ll_gpio.o ABSOLUTE
    Low_Layer_Library\\stm32f4xx_ll_i2c.c    0x00000000   Number         0  stm32f4xx_ll_i2c.o ABSOLUTE
    Low_Layer_Library\\stm32f4xx_ll_pwr.c    0x00000000   Number         0  stm32f4xx_ll_pwr.o ABSOLUTE
    Low_Layer_Library\\stm32f4xx_ll_rcc.c    0x00000000   Number         0  stm32f4xx_ll_rcc.o ABSOLUTE
    Low_Layer_Library\\stm32f4xx_ll_spi.c    0x00000000   Number         0  stm32f4xx_ll_spi.o ABSOLUTE
    Low_Layer_Library\\stm32f4xx_ll_tim.c    0x00000000   Number         0  stm32f4xx_ll_tim.o ABSOLUTE
    Low_Layer_Library\\stm32f4xx_ll_usart.c  0x00000000   Number         0  stm32f4xx_ll_usart.o ABSOLUTE
    Low_Layer_Library\\stm32f4xx_ll_utils.c  0x00000000   Number         0  stm32f4xx_ll_utils.o ABSOLUTE
    Low_Layer_Library\stm32f4xx_ll_adc.c     0x00000000   Number         0  stm32f4xx_ll_adc.o ABSOLUTE
    Low_Layer_Library\stm32f4xx_ll_exti.c    0x00000000   Number         0  stm32f4xx_ll_exti.o ABSOLUTE
    Low_Layer_Library\stm32f4xx_ll_gpio.c    0x00000000   Number         0  stm32f4xx_ll_gpio.o ABSOLUTE
    Low_Layer_Library\stm32f4xx_ll_i2c.c     0x00000000   Number         0  stm32f4xx_ll_i2c.o ABSOLUTE
    Low_Layer_Library\stm32f4xx_ll_pwr.c     0x00000000   Number         0  stm32f4xx_ll_pwr.o ABSOLUTE
    Low_Layer_Library\stm32f4xx_ll_rcc.c     0x00000000   Number         0  stm32f4xx_ll_rcc.o ABSOLUTE
    Low_Layer_Library\stm32f4xx_ll_spi.c     0x00000000   Number         0  stm32f4xx_ll_spi.o ABSOLUTE
    Low_Layer_Library\stm32f4xx_ll_tim.c     0x00000000   Number         0  stm32f4xx_ll_tim.o ABSOLUTE
    Low_Layer_Library\stm32f4xx_ll_usart.c   0x00000000   Number         0  stm32f4xx_ll_usart.o ABSOLUTE
    Low_Layer_Library\stm32f4xx_ll_utils.c   0x00000000   Number         0  stm32f4xx_ll_utils.o ABSOLUTE
    System_Files\\system_stm32f4xx.c         0x00000000   Number         0  system_stm32f4xx.o ABSOLUTE
    System_Files\startup_stm32f401xe.s       0x00000000   Number         0  startup_stm32f401xe.o ABSOLUTE
    System_Files\system_stm32f4xx.c          0x00000000   Number         0  system_stm32f4xx.o ABSOLUTE
    dc.s                                     0x00000000   Number         0  dc.o ABSOLUTE
    stm32f4xx_it.c                           0x00000000   Number         0  stm32f4xx_it.o ABSOLUTE
    stm32f4xx_it.c                           0x00000000   Number         0  stm32f4xx_it.o ABSOLUTE
    RESET                                    0x08000000   Section      404  startup_stm32f401xe.o(RESET)
    !!!main                                  0x08000194   Section        8  __main.o(!!!main)
    !!!scatter                               0x0800019c   Section       52  __scatter.o(!!!scatter)
    !!handler_copy                           0x080001d0   Section       26  __scatter_copy.o(!!handler_copy)
    !!handler_zi                             0x080001ec   Section       28  __scatter_zi.o(!!handler_zi)
    .ARM.Collect$$libinit$$00000000          0x08000208   Section        2  libinit.o(.ARM.Collect$$libinit$$00000000)
    .ARM.Collect$$libinit$$00000001          0x0800020a   Section        4  libinit2.o(.ARM.Collect$$libinit$$00000001)
    .ARM.Collect$$libinit$$00000004          0x0800020e   Section        0  libinit2.o(.ARM.Collect$$libinit$$00000004)
    .ARM.Collect$$libinit$$0000000A          0x0800020e   Section        0  libinit2.o(.ARM.Collect$$libinit$$0000000A)
    .ARM.Collect$$libinit$$0000000C          0x0800020e   Section        0  libinit2.o(.ARM.Collect$$libinit$$0000000C)
    .ARM.Collect$$libinit$$0000000E          0x0800020e   Section        0  libinit2.o(.ARM.Collect$$libinit$$0000000E)
    .ARM.Collect$$libinit$$00000011          0x0800020e   Section        0  libinit2.o(.ARM.Collect$$libinit$$00000011)
    .ARM.Collect$$libinit$$00000013          0x0800020e   Section        0  libinit2.o(.ARM.Collect$$libinit$$00000013)
    .ARM.Collect$$libinit$$00000015          0x0800020e   Section        0  libinit2.o(.ARM.Collect$$libinit$$00000015)
    .ARM.Collect$$libinit$$00000017          0x0800020e   Section        0  libinit2.o(.ARM.Collect$$libinit$$00000017)
    .ARM.Collect$$libinit$$00000019          0x0800020e   Section        0  libinit2.o(.ARM.Collect$$libinit$$00000019)
    .ARM.Collect$$libinit$$0000001B          0x0800020e   Section        0  libinit2.o(.ARM.Collect$$libinit$$0000001B)
    .ARM.Collect$$libinit$$0000001D          0x0800020e   Section        0  libinit2.o(.ARM.Collect$$libinit$$0000001D)
    .ARM.Collect$$libinit$$0000001F          0x0800020e   Section        0  libinit2.o(.ARM.Collect$$libinit$$0000001F)
    .ARM.Collect$$libinit$$00000021          0x0800020e   Section        0  libinit2.o(.ARM.Collect$$libinit$$00000021)
    .ARM.Collect$$libinit$$00000023          0x0800020e   Section        0  libinit2.o(.ARM.Collect$$libinit$$00000023)
    .ARM.Collect$$libinit$$00000025          0x0800020e   Section        0  libinit2.o(.ARM.Collect$$libinit$$00000025)
    .ARM.Collect$$libinit$$0000002C          0x0800020e   Section        0  libinit2.o(.ARM.Collect$$libinit$$0000002C)
    .ARM.Collect$$libinit$$0000002E          0x0800020e   Section        0  libinit2.o(.ARM.Collect$$libinit$$0000002E)
    .ARM.Collect$$libinit$$00000030          0x0800020e   Section        0  libinit2.o(.ARM.Collect$$libinit$$00000030)
    .ARM.Collect$$libinit$$00000032          0x0800020e   Section        0  libinit2.o(.ARM.Collect$$libinit$$00000032)
    .ARM.Collect$$libinit$$00000033          0x0800020e   Section        2  libinit2.o(.ARM.Collect$$libinit$$00000033)
    .ARM.Collect$$libshutdown$$00000000      0x08000210   Section        2  libshutdown.o(.ARM.Collect$$libshutdown$$00000000)
    .ARM.Collect$$libshutdown$$00000002      0x08000212   Section        0  libshutdown2.o(.ARM.Collect$$libshutdown$$00000002)
    .ARM.Collect$$libshutdown$$00000004      0x08000212   Section        0  libshutdown2.o(.ARM.Collect$$libshutdown$$00000004)
    .ARM.Collect$$libshutdown$$00000007      0x08000212   Section        0  libshutdown2.o(.ARM.Collect$$libshutdown$$00000007)
    .ARM.Collect$$libshutdown$$0000000A      0x08000212   Section        0  libshutdown2.o(.ARM.Collect$$libshutdown$$0000000A)
    .ARM.Collect$$libshutdown$$0000000C      0x08000212   Section        0  libshutdown2.o(.ARM.Collect$$libshutdown$$0000000C)
    .ARM.Collect$$libshutdown$$0000000F      0x08000212   Section        0  libshutdown2.o(.ARM.Collect$$libshutdown$$0000000F)
    .ARM.Collect$$libshutdown$$00000010      0x08000212   Section        2  libshutdown2.o(.ARM.Collect$$libshutdown$$00000010)
    .ARM.Collect$$rtentry$$00000000          0x08000214   Section        0  __rtentry.o(.ARM.Collect$$rtentry$$00000000)
    .ARM.Collect$$rtentry$$00000002          0x08000214   Section        0  __rtentry2.o(.ARM.Collect$$rtentry$$00000002)
    .ARM.Collect$$rtentry$$00000004          0x08000214   Section        6  __rtentry4.o(.ARM.Collect$$rtentry$$00000004)
    .ARM.Collect$$rtentry$$00000009          0x0800021a   Section        0  __rtentry2.o(.ARM.Collect$$rtentry$$00000009)
    .ARM.Collect$$rtentry$$0000000A          0x0800021a   Section        4  __rtentry2.o(.ARM.Collect$$rtentry$$0000000A)
    .ARM.Collect$$rtentry$$0000000C          0x0800021e   Section        0  __rtentry2.o(.ARM.Collect$$rtentry$$0000000C)
    .ARM.Collect$$rtentry$$0000000D          0x0800021e   Section        8  __rtentry2.o(.ARM.Collect$$rtentry$$0000000D)
    .ARM.Collect$$rtexit$$00000000           0x08000226   Section        2  rtexit.o(.ARM.Collect$$rtexit$$00000000)
    .ARM.Collect$$rtexit$$00000002           0x08000228   Section        0  rtexit2.o(.ARM.Collect$$rtexit$$00000002)
    .ARM.Collect$$rtexit$$00000003           0x08000228   Section        4  rtexit2.o(.ARM.Collect$$rtexit$$00000003)
    .ARM.Collect$$rtexit$$00000004           0x0800022c   Section        6  rtexit2.o(.ARM.Collect$$rtexit$$00000004)
    .text                                    0x08000234   Section       64  startup_stm32f401xe.o(.text)
    $v0                                      0x08000234   Number         0  startup_stm32f401xe.o(.text)
    .text                                    0x08000274   Section        0  heapauxi.o(.text)
    .text                                    0x0800027a   Section       74  sys_stackheap_outer.o(.text)
    .text                                    0x080002c4   Section        0  exit.o(.text)
    .text                                    0x080002d8   Section        8  libspace.o(.text)
    .text                                    0x080002e0   Section        0  sys_exit.o(.text)
    .text                                    0x080002ec   Section        2  use_no_semi.o(.text)
    .text                                    0x080002ee   Section        0  indicate_semi.o(.text)
    i.BusFault_Handler                       0x080002ee   Section        0  stm32f4xx_it.o(i.BusFault_Handler)
    i.DebugMon_Handler                       0x080002f2   Section        0  stm32f4xx_it.o(i.DebugMon_Handler)
    i.HardFault_Handler                      0x080002f4   Section        0  stm32f4xx_it.o(i.HardFault_Handler)
    i.LL_AHB1_GRP1_EnableClock               0x080002f8   Section        0  exampleprogram1.o(i.LL_AHB1_GRP1_EnableClock)
    LL_AHB1_GRP1_EnableClock                 0x080002f9   Thumb Code    24  exampleprogram1.o(i.LL_AHB1_GRP1_EnableClock)
    i.LL_GPIO_ResetOutputPin                 0x08000314   Section        0  exampleprogram1.o(i.LL_GPIO_ResetOutputPin)
    LL_GPIO_ResetOutputPin                   0x08000315   Thumb Code     6  exampleprogram1.o(i.LL_GPIO_ResetOutputPin)
    i.LL_GPIO_SetOutputPin                   0x0800031a   Section        0  exampleprogram1.o(i.LL_GPIO_SetOutputPin)
    LL_GPIO_SetOutputPin                     0x0800031b   Thumb Code     4  exampleprogram1.o(i.LL_GPIO_SetOutputPin)
    i.LL_GPIO_SetPinMode                     0x0800031e   Section        0  exampleprogram1.o(i.LL_GPIO_SetPinMode)
    LL_GPIO_SetPinMode                       0x0800031f   Thumb Code    40  exampleprogram1.o(i.LL_GPIO_SetPinMode)
    i.LL_GPIO_SetPinOutputType               0x08000346   Section        0  exampleprogram1.o(i.LL_GPIO_SetPinOutputType)
    LL_GPIO_SetPinOutputType                 0x08000347   Thumb Code    16  exampleprogram1.o(i.LL_GPIO_SetPinOutputType)
    i.LL_GPIO_SetPinPull                     0x08000356   Section        0  exampleprogram1.o(i.LL_GPIO_SetPinPull)
    LL_GPIO_SetPinPull                       0x08000357   Thumb Code    40  exampleprogram1.o(i.LL_GPIO_SetPinPull)
    i.LL_GPIO_SetPinSpeed                    0x0800037e   Section        0  exampleprogram1.o(i.LL_GPIO_SetPinSpeed)
    LL_GPIO_SetPinSpeed                      0x0800037f   Thumb Code    40  exampleprogram1.o(i.LL_GPIO_SetPinSpeed)
    i.MemManage_Handler                      0x080003a6   Section        0  stm32f4xx_it.o(i.MemManage_Handler)
    i.NMI_Handler                            0x080003aa   Section        0  stm32f4xx_it.o(i.NMI_Handler)
    i.PB_RIGHT_pressed                       0x080003ac   Section        0  exampleprogram1.o(i.PB_RIGHT_pressed)
    i.PendSV_Handler                         0x080003c4   Section        0  stm32f4xx_it.o(i.PendSV_Handler)
    i.PlayTune                               0x080003c6   Section        0  exampleprogram1.o(i.PlayTune)
    i.SVC_Handler                            0x08000424   Section        0  stm32f4xx_it.o(i.SVC_Handler)
    i.SysTick_Handler                        0x08000428   Section        0  exampleprogram1.o(i.SysTick_Handler)
    i.SystemClock_Config                     0x08000438   Section        0  exampleprogram1.o(i.SystemClock_Config)
    i.SystemInit                             0x08000594   Section        0  system_stm32f4xx.o(i.SystemInit)
    i.UsageFault_Handler                     0x080005f8   Section        0  stm32f4xx_it.o(i.UsageFault_Handler)
    i.delay_micro_s                          0x080005fc   Section        0  exampleprogram1.o(i.delay_micro_s)
    i.main                                   0x08000634   Section        0  exampleprogram1.o(i.main)
    i.millis                                 0x08000768   Section        0  exampleprogram1.o(i.millis)
    i.switch_LED_off                         0x08000774   Section        0  exampleprogram1.o(i.switch_LED_off)
    i.switch_LED_on                          0x080007cc   Section        0  exampleprogram1.o(i.switch_LED_on)
    x$fpl$fpinit                             0x08000824   Section       10  fpinit.o(x$fpl$fpinit)
    $v0                                      0x08000824   Number         0  fpinit.o(x$fpl$fpinit)
    .constdata                               0x0800082e   Section     3440  exampleprogram1.o(.constdata)
    STREAM_OFFSET_TAB                        0x0800082e   Data           8  exampleprogram1.o(.constdata)
    OFFSET_TAB_CCMRx                         0x08000836   Data           7  exampleprogram1.o(.constdata)
    SHIFT_TAB_OCxx                           0x0800083d   Data           7  exampleprogram1.o(.constdata)
    SHIFT_TAB_ICxx                           0x08000844   Data           7  exampleprogram1.o(.constdata)
    SHIFT_TAB_CCxP                           0x0800084b   Data           7  exampleprogram1.o(.constdata)
    SHIFT_TAB_OISx                           0x08000852   Data           7  exampleprogram1.o(.constdata)
    .data                                    0x20000000   Section        4  system_stm32f4xx.o(.data)
    .data                                    0x20000004   Section        4  exampleprogram1.o(.data)
    count                                    0x20000004   Data           4  exampleprogram1.o(.data)
    .bss                                     0x20000008   Section       96  libspace.o(.bss)
    HEAP                                     0x20000068   Section      512  startup_stm32f401xe.o(HEAP)
    Heap_Mem                                 0x20000068   Data         512  startup_stm32f401xe.o(HEAP)
    STACK                                    0x20000268   Section     1024  startup_stm32f401xe.o(STACK)
    Stack_Mem                                0x20000268   Data        1024  startup_stm32f401xe.o(STACK)
    __initial_sp                             0x20000668   Data           0  startup_stm32f401xe.o(STACK)

    Global Symbols

    Symbol Name                              Value     Ov Type        Size  Object(Section)

    BuildAttributes$$THM_ISAv4$E$P$D$K$B$S$7EM$VFPi3$EXTD16$VFPS$VFMA$PE$A:L22UL41UL21$X:L11$S22US41US21$IEEE1$IW$USESV6$~STKCKD$USESV7$~SHL$OSPACE$ROPI$EBA8$UX$STANDARDLIB$REQ8$PRES8$EABIv2 0x00000000   Number         0  anon$$obj.o ABSOLUTE
    __ARM_use_no_argv                        0x00000000   Number         0  exampleprogram1.o ABSOLUTE
    __ARM_exceptions_init                     - Undefined Weak Reference
    __alloca_initialize                       - Undefined Weak Reference
    __arm_preinit_                            - Undefined Weak Reference
    __cpp_initialize__aeabi_                  - Undefined Weak Reference
    __cxa_finalize                            - Undefined Weak Reference
    __rt_locale                               - Undefined Weak Reference
    __sigvec_lookup                           - Undefined Weak Reference
    _atexit_init                              - Undefined Weak Reference
    _call_atexit_fns                          - Undefined Weak Reference
    _clock_init                               - Undefined Weak Reference
    _fp_trap_init                             - Undefined Weak Reference
    _fp_trap_shutdown                         - Undefined Weak Reference
    _get_lc_collate                           - Undefined Weak Reference
    _get_lc_ctype                             - Undefined Weak Reference
    _get_lc_monetary                          - Undefined Weak Reference
    _get_lc_numeric                           - Undefined Weak Reference
    _get_lc_time                              - Undefined Weak Reference
    _getenv_init                              - Undefined Weak Reference
    _handle_redirection                       - Undefined Weak Reference
    _init_alloc                               - Undefined Weak Reference
    _init_user_alloc                          - Undefined Weak Reference
    _initio                                   - Undefined Weak Reference
    _rand_init                                - Undefined Weak Reference
    _signal_finish                            - Undefined Weak Reference
    _signal_init                              - Undefined Weak Reference
    _terminate_alloc                          - Undefined Weak Reference
    _terminate_user_alloc                     - Undefined Weak Reference
    _terminateio                              - Undefined Weak Reference
    __Vectors_Size                           0x00000194   Number         0  startup_stm32f401xe.o ABSOLUTE
    __Vectors                                0x08000000   Data           4  startup_stm32f401xe.o(RESET)
    __Vectors_End                            0x08000194   Data           0  startup_stm32f401xe.o(RESET)
    __main                                   0x08000195   Thumb Code     8  __main.o(!!!main)
    __scatterload                            0x0800019d   Thumb Code     0  __scatter.o(!!!scatter)
    __scatterload_rt2                        0x0800019d   Thumb Code    44  __scatter.o(!!!scatter)
    __scatterload_rt2_thumb_only             0x0800019d   Thumb Code     0  __scatter.o(!!!scatter)
    __scatterload_null                       0x080001ab   Thumb Code     0  __scatter.o(!!!scatter)
    __scatterload_copy                       0x080001d1   Thumb Code    26  __scatter_copy.o(!!handler_copy)
    __scatterload_zeroinit                   0x080001ed   Thumb Code    28  __scatter_zi.o(!!handler_zi)
    __rt_lib_init                            0x08000209   Thumb Code     0  libinit.o(.ARM.Collect$$libinit$$00000000)
    __rt_lib_init_fp_1                       0x0800020b   Thumb Code     0  libinit2.o(.ARM.Collect$$libinit$$00000001)
    __rt_lib_init_alloca_1                   0x0800020f   Thumb Code     0  libinit2.o(.ARM.Collect$$libinit$$0000002E)
    __rt_lib_init_argv_1                     0x0800020f   Thumb Code     0  libinit2.o(.ARM.Collect$$libinit$$0000002C)
    __rt_lib_init_atexit_1                   0x0800020f   Thumb Code     0  libinit2.o(.ARM.Collect$$libinit$$0000001B)
    __rt_lib_init_clock_1                    0x0800020f   Thumb Code     0  libinit2.o(.ARM.Collect$$libinit$$00000021)
    __rt_lib_init_cpp_1                      0x0800020f   Thumb Code     0  libinit2.o(.ARM.Collect$$libinit$$00000032)
    __rt_lib_init_exceptions_1               0x0800020f   Thumb Code     0  libinit2.o(.ARM.Collect$$libinit$$00000030)
    __rt_lib_init_fp_trap_1                  0x0800020f   Thumb Code     0  libinit2.o(.ARM.Collect$$libinit$$0000001F)
    __rt_lib_init_getenv_1                   0x0800020f   Thumb Code     0  libinit2.o(.ARM.Collect$$libinit$$00000023)
    __rt_lib_init_heap_1                     0x0800020f   Thumb Code     0  libinit2.o(.ARM.Collect$$libinit$$0000000A)
    __rt_lib_init_lc_collate_1               0x0800020f   Thumb Code     0  libinit2.o(.ARM.Collect$$libinit$$00000011)
    __rt_lib_init_lc_ctype_1                 0x0800020f   Thumb Code     0  libinit2.o(.ARM.Collect$$libinit$$00000013)
    __rt_lib_init_lc_monetary_1              0x0800020f   Thumb Code     0  libinit2.o(.ARM.Collect$$libinit$$00000015)
    __rt_lib_init_lc_numeric_1               0x0800020f   Thumb Code     0  libinit2.o(.ARM.Collect$$libinit$$00000017)
    __rt_lib_init_lc_time_1                  0x0800020f   Thumb Code     0  libinit2.o(.ARM.Collect$$libinit$$00000019)
    __rt_lib_init_preinit_1                  0x0800020f   Thumb Code     0  libinit2.o(.ARM.Collect$$libinit$$00000004)
    __rt_lib_init_rand_1                     0x0800020f   Thumb Code     0  libinit2.o(.ARM.Collect$$libinit$$0000000E)
    __rt_lib_init_return                     0x0800020f   Thumb Code     0  libinit2.o(.ARM.Collect$$libinit$$00000033)
    __rt_lib_init_signal_1                   0x0800020f   Thumb Code     0  libinit2.o(.ARM.Collect$$libinit$$0000001D)
    __rt_lib_init_stdio_1                    0x0800020f   Thumb Code     0  libinit2.o(.ARM.Collect$$libinit$$00000025)
    __rt_lib_init_user_alloc_1               0x0800020f   Thumb Code     0  libinit2.o(.ARM.Collect$$libinit$$0000000C)
    __rt_lib_shutdown                        0x08000211   Thumb Code     0  libshutdown.o(.ARM.Collect$$libshutdown$$00000000)
    __rt_lib_shutdown_cpp_1                  0x08000213   Thumb Code     0  libshutdown2.o(.ARM.Collect$$libshutdown$$00000002)
    __rt_lib_shutdown_fp_trap_1              0x08000213   Thumb Code     0  libshutdown2.o(.ARM.Collect$$libshutdown$$00000007)
    __rt_lib_shutdown_heap_1                 0x08000213   Thumb Code     0  libshutdown2.o(.ARM.Collect$$libshutdown$$0000000F)
    __rt_lib_shutdown_return                 0x08000213   Thumb Code     0  libshutdown2.o(.ARM.Collect$$libshutdown$$00000010)
    __rt_lib_shutdown_signal_1               0x08000213   Thumb Code     0  libshutdown2.o(.ARM.Collect$$libshutdown$$0000000A)
    __rt_lib_shutdown_stdio_1                0x08000213   Thumb Code     0  libshutdown2.o(.ARM.Collect$$libshutdown$$00000004)
    __rt_lib_shutdown_user_alloc_1           0x08000213   Thumb Code     0  libshutdown2.o(.ARM.Collect$$libshutdown$$0000000C)
    __rt_entry                               0x08000215   Thumb Code     0  __rtentry.o(.ARM.Collect$$rtentry$$00000000)
    __rt_entry_presh_1                       0x08000215   Thumb Code     0  __rtentry2.o(.ARM.Collect$$rtentry$$00000002)
    __rt_entry_sh                            0x08000215   Thumb Code     0  __rtentry4.o(.ARM.Collect$$rtentry$$00000004)
    __rt_entry_li                            0x0800021b   Thumb Code     0  __rtentry2.o(.ARM.Collect$$rtentry$$0000000A)
    __rt_entry_postsh_1                      0x0800021b   Thumb Code     0  __rtentry2.o(.ARM.Collect$$rtentry$$00000009)
    __rt_entry_main                          0x0800021f   Thumb Code     0  __rtentry2.o(.ARM.Collect$$rtentry$$0000000D)
    __rt_entry_postli_1                      0x0800021f   Thumb Code     0  __rtentry2.o(.ARM.Collect$$rtentry$$0000000C)
    __rt_exit                                0x08000227   Thumb Code     0  rtexit.o(.ARM.Collect$$rtexit$$00000000)
    __rt_exit_ls                             0x08000229   Thumb Code     0  rtexit2.o(.ARM.Collect$$rtexit$$00000003)
    __rt_exit_prels_1                        0x08000229   Thumb Code     0  rtexit2.o(.ARM.Collect$$rtexit$$00000002)
    __rt_exit_exit                           0x0800022d   Thumb Code     0  rtexit2.o(.ARM.Collect$$rtexit$$00000004)
    Reset_Handler                            0x08000235   Thumb Code     8  startup_stm32f401xe.o(.text)
    ADC_IRQHandler                           0x0800024f   Thumb Code     0  startup_stm32f401xe.o(.text)
    DMA1_Stream0_IRQHandler                  0x0800024f   Thumb Code     0  startup_stm32f401xe.o(.text)
    DMA1_Stream1_IRQHandler                  0x0800024f   Thumb Code     0  startup_stm32f401xe.o(.text)
    DMA1_Stream2_IRQHandler                  0x0800024f   Thumb Code     0  startup_stm32f401xe.o(.text)
    DMA1_Stream3_IRQHandler                  0x0800024f   Thumb Code     0  startup_stm32f401xe.o(.text)
    DMA1_Stream4_IRQHandler                  0x0800024f   Thumb Code     0  startup_stm32f401xe.o(.text)
    DMA1_Stream5_IRQHandler                  0x0800024f   Thumb Code     0  startup_stm32f401xe.o(.text)
    DMA1_Stream6_IRQHandler                  0x0800024f   Thumb Code     0  startup_stm32f401xe.o(.text)
    DMA1_Stream7_IRQHandler                  0x0800024f   Thumb Code     0  startup_stm32f401xe.o(.text)
    DMA2_Stream0_IRQHandler                  0x0800024f   Thumb Code     0  startup_stm32f401xe.o(.text)
    DMA2_Stream1_IRQHandler                  0x0800024f   Thumb Code     0  startup_stm32f401xe.o(.text)
    DMA2_Stream2_IRQHandler                  0x0800024f   Thumb Code     0  startup_stm32f401xe.o(.text)
    DMA2_Stream3_IRQHandler                  0x0800024f   Thumb Code     0  startup_stm32f401xe.o(.text)
    DMA2_Stream4_IRQHandler                  0x0800024f   Thumb Code     0  startup_stm32f401xe.o(.text)
    DMA2_Stream5_IRQHandler                  0x0800024f   Thumb Code     0  startup_stm32f401xe.o(.text)
    DMA2_Stream6_IRQHandler                  0x0800024f   Thumb Code     0  startup_stm32f401xe.o(.text)
    DMA2_Stream7_IRQHandler                  0x0800024f   Thumb Code     0  startup_stm32f401xe.o(.text)
    EXTI0_IRQHandler                         0x0800024f   Thumb Code     0  startup_stm32f401xe.o(.text)
    EXTI15_10_IRQHandler                     0x0800024f   Thumb Code     0  startup_stm32f401xe.o(.text)
    EXTI1_IRQHandler                         0x0800024f   Thumb Code     0  startup_stm32f401xe.o(.text)
    EXTI2_IRQHandler                         0x0800024f   Thumb Code     0  startup_stm32f401xe.o(.text)
    EXTI3_IRQHandler                         0x0800024f   Thumb Code     0  startup_stm32f401xe.o(.text)
    EXTI4_IRQHandler                         0x0800024f   Thumb Code     0  startup_stm32f401xe.o(.text)
    EXTI9_5_IRQHandler                       0x0800024f   Thumb Code     0  startup_stm32f401xe.o(.text)
    FLASH_IRQHandler                         0x0800024f   Thumb Code     0  startup_stm32f401xe.o(.text)
    FPU_IRQHandler                           0x0800024f   Thumb Code     0  startup_stm32f401xe.o(.text)
    I2C1_ER_IRQHandler                       0x0800024f   Thumb Code     0  startup_stm32f401xe.o(.text)
    I2C1_EV_IRQHandler                       0x0800024f   Thumb Code     0  startup_stm32f401xe.o(.text)
    I2C2_ER_IRQHandler                       0x0800024f   Thumb Code     0  startup_stm32f401xe.o(.text)
    I2C2_EV_IRQHandler                       0x0800024f   Thumb Code     0  startup_stm32f401xe.o(.text)
    I2C3_ER_IRQHandler                       0x0800024f   Thumb Code     0  startup_stm32f401xe.o(.text)
    I2C3_EV_IRQHandler                       0x0800024f   Thumb Code     0  startup_stm32f401xe.o(.text)
    OTG_FS_IRQHandler                        0x0800024f   Thumb Code     0  startup_stm32f401xe.o(.text)
    OTG_FS_WKUP_IRQHandler                   0x0800024f   Thumb Code     0  startup_stm32f401xe.o(.text)
    PVD_IRQHandler                           0x0800024f   Thumb Code     0  startup_stm32f401xe.o(.text)
    RCC_IRQHandler                           0x0800024f   Thumb Code     0  startup_stm32f401xe.o(.text)
    RTC_Alarm_IRQHandler                     0x0800024f   Thumb Code     0  startup_stm32f401xe.o(.text)
    RTC_WKUP_IRQHandler                      0x0800024f   Thumb Code     0  startup_stm32f401xe.o(.text)
    SDIO_IRQHandler                          0x0800024f   Thumb Code     0  startup_stm32f401xe.o(.text)
    SPI1_IRQHandler                          0x0800024f   Thumb Code     0  startup_stm32f401xe.o(.text)
    SPI2_IRQHandler                          0x0800024f   Thumb Code     0  startup_stm32f401xe.o(.text)
    SPI3_IRQHandler                          0x0800024f   Thumb Code     0  startup_stm32f401xe.o(.text)
    SPI4_IRQHandler                          0x0800024f   Thumb Code     0  startup_stm32f401xe.o(.text)
    TAMP_STAMP_IRQHandler                    0x0800024f   Thumb Code     0  startup_stm32f401xe.o(.text)
    TIM1_BRK_TIM9_IRQHandler                 0x0800024f   Thumb Code     0  startup_stm32f401xe.o(.text)
    TIM1_CC_IRQHandler                       0x0800024f   Thumb Code     0  startup_stm32f401xe.o(.text)
    TIM1_TRG_COM_TIM11_IRQHandler            0x0800024f   Thumb Code     0  startup_stm32f401xe.o(.text)
    TIM1_UP_TIM10_IRQHandler                 0x0800024f   Thumb Code     0  startup_stm32f401xe.o(.text)
    TIM2_IRQHandler                          0x0800024f   Thumb Code     0  startup_stm32f401xe.o(.text)
    TIM3_IRQHandler                          0x0800024f   Thumb Code     0  startup_stm32f401xe.o(.text)
    TIM4_IRQHandler                          0x0800024f   Thumb Code     0  startup_stm32f401xe.o(.text)
    TIM5_IRQHandler                          0x0800024f   Thumb Code     0  startup_stm32f401xe.o(.text)
    USART1_IRQHandler                        0x0800024f   Thumb Code     0  startup_stm32f401xe.o(.text)
    USART2_IRQHandler                        0x0800024f   Thumb Code     0  startup_stm32f401xe.o(.text)
    USART6_IRQHandler                        0x0800024f   Thumb Code     0  startup_stm32f401xe.o(.text)
    WWDG_IRQHandler                          0x0800024f   Thumb Code     0  startup_stm32f401xe.o(.text)
    __user_initial_stackheap                 0x08000251   Thumb Code     0  startup_stm32f401xe.o(.text)
    __use_two_region_memory                  0x08000275   Thumb Code     2  heapauxi.o(.text)
    __rt_heap_escrow$2region                 0x08000277   Thumb Code     2  heapauxi.o(.text)
    __rt_heap_expand$2region                 0x08000279   Thumb Code     2  heapauxi.o(.text)
    __user_setup_stackheap                   0x0800027b   Thumb Code    74  sys_stackheap_outer.o(.text)
    exit                                     0x080002c5   Thumb Code    18  exit.o(.text)
    __user_libspace                          0x080002d9   Thumb Code     8  libspace.o(.text)
    __user_perproc_libspace                  0x080002d9   Thumb Code     0  libspace.o(.text)
    __user_perthread_libspace                0x080002d9   Thumb Code     0  libspace.o(.text)
    _sys_exit                                0x080002e1   Thumb Code     8  sys_exit.o(.text)
    __I$use$semihosting                      0x080002ed   Thumb Code     0  use_no_semi.o(.text)
    __use_no_semihosting_swi                 0x080002ed   Thumb Code     2  use_no_semi.o(.text)
    BusFault_Handler                         0x080002ef   Thumb Code     4  stm32f4xx_it.o(i.BusFault_Handler)
    __semihosting_library_function           0x080002ef   Thumb Code     0  indicate_semi.o(.text)
    DebugMon_Handler                         0x080002f3   Thumb Code     2  stm32f4xx_it.o(i.DebugMon_Handler)
    HardFault_Handler                        0x080002f5   Thumb Code     4  stm32f4xx_it.o(i.HardFault_Handler)
    MemManage_Handler                        0x080003a7   Thumb Code     4  stm32f4xx_it.o(i.MemManage_Handler)
    NMI_Handler                              0x080003ab   Thumb Code     2  stm32f4xx_it.o(i.NMI_Handler)
    PB_RIGHT_pressed                         0x080003ad   Thumb Code    20  exampleprogram1.o(i.PB_RIGHT_pressed)
    PendSV_Handler                           0x080003c5   Thumb Code     2  stm32f4xx_it.o(i.PendSV_Handler)
    PlayTune                                 0x080003c7   Thumb Code    94  exampleprogram1.o(i.PlayTune)
    SVC_Handler                              0x08000425   Thumb Code     2  stm32f4xx_it.o(i.SVC_Handler)
    SysTick_Handler                          0x08000429   Thumb Code    12  exampleprogram1.o(i.SysTick_Handler)
    SystemClock_Config                       0x08000439   Thumb Code   320  exampleprogram1.o(i.SystemClock_Config)
    SystemInit                               0x08000595   Thumb Code    82  system_stm32f4xx.o(i.SystemInit)
    UsageFault_Handler                       0x080005f9   Thumb Code     4  stm32f4xx_it.o(i.UsageFault_Handler)
    delay_micro_s                            0x080005fd   Thumb Code    56  exampleprogram1.o(i.delay_micro_s)
    main                                     0x08000635   Thumb Code   282  exampleprogram1.o(i.main)
    millis                                   0x08000769   Thumb Code     6  exampleprogram1.o(i.millis)
    switch_LED_off                           0x08000775   Thumb Code    74  exampleprogram1.o(i.switch_LED_off)
    switch_LED_on                            0x080007cd   Thumb Code    74  exampleprogram1.o(i.switch_LED_on)
    _fp_init                                 0x08000825   Thumb Code    10  fpinit.o(x$fpl$fpinit)
    __fplib_config_fpu_vfp                   0x0800082d   Thumb Code     0  fpinit.o(x$fpl$fpinit)
    __fplib_config_pureend_doubles           0x0800082d   Thumb Code     0  fpinit.o(x$fpl$fpinit)
    notes                                    0x0800085a   Data        1132  exampleprogram1.o(.constdata)
    notenum                                  0x08000cc6   Data        1132  exampleprogram1.o(.constdata)
    timedelay                                0x08001132   Data        1132  exampleprogram1.o(.constdata)
    Region$$Table$$Base                      0x080015a0   Number         0  anon$$obj.o(Region$$Table)
    Region$$Table$$Limit                     0x080015c0   Number         0  anon$$obj.o(Region$$Table)
    SystemCoreClock                          0x20000000   Data           4  system_stm32f4xx.o(.data)
    __libspace_start                         0x20000008   Data          96  libspace.o(.bss)
    __temporary_stack_top$libspace           0x20000068   Data           0  libspace.o(.bss)



==============================================================================

Memory Map of the image

  Image Entry point : 0x08000195

  Load Region LR_IROM1 (Base: 0x08000000, Size: 0x000015c8, Max: 0x00080000, ABSOLUTE)

    Execution Region ER_IROM1 (Exec base: 0x08000000, Load base: 0x08000000, Size: 0x000015c0, Max: 0x00080000, ABSOLUTE)

    Exec Addr    Load Addr    Size         Type   Attr      Idx    E Section Name        Object

    0x08000000   0x08000000   0x00000194   Data   RO          246    RESET               startup_stm32f401xe.o
    0x08000194   0x08000194   0x00000008   Code   RO         1253  * !!!main             c_w.l(__main.o)
    0x0800019c   0x0800019c   0x00000034   Code   RO         1410    !!!scatter          c_w.l(__scatter.o)
    0x080001d0   0x080001d0   0x0000001a   Code   RO         1412    !!handler_copy      c_w.l(__scatter_copy.o)
    0x080001ea   0x080001ea   0x00000002   PAD
    0x080001ec   0x080001ec   0x0000001c   Code   RO         1414    !!handler_zi        c_w.l(__scatter_zi.o)
    0x08000208   0x08000208   0x00000002   Code   RO         1280    .ARM.Collect$$libinit$$00000000  c_w.l(libinit.o)
    0x0800020a   0x0800020a   0x00000004   Code   RO         1286    .ARM.Collect$$libinit$$00000001  c_w.l(libinit2.o)
    0x0800020e   0x0800020e   0x00000000   Code   RO         1289    .ARM.Collect$$libinit$$00000004  c_w.l(libinit2.o)
    0x0800020e   0x0800020e   0x00000000   Code   RO         1292    .ARM.Collect$$libinit$$0000000A  c_w.l(libinit2.o)
    0x0800020e   0x0800020e   0x00000000   Code   RO         1294    .ARM.Collect$$libinit$$0000000C  c_w.l(libinit2.o)
    0x0800020e   0x0800020e   0x00000000   Code   RO         1296    .ARM.Collect$$libinit$$0000000E  c_w.l(libinit2.o)
    0x0800020e   0x0800020e   0x00000000   Code   RO         1299    .ARM.Collect$$libinit$$00000011  c_w.l(libinit2.o)
    0x0800020e   0x0800020e   0x00000000   Code   RO         1301    .ARM.Collect$$libinit$$00000013  c_w.l(libinit2.o)
    0x0800020e   0x0800020e   0x00000000   Code   RO         1303    .ARM.Collect$$libinit$$00000015  c_w.l(libinit2.o)
    0x0800020e   0x0800020e   0x00000000   Code   RO         1305    .ARM.Collect$$libinit$$00000017  c_w.l(libinit2.o)
    0x0800020e   0x0800020e   0x00000000   Code   RO         1307    .ARM.Collect$$libinit$$00000019  c_w.l(libinit2.o)
    0x0800020e   0x0800020e   0x00000000   Code   RO         1309    .ARM.Collect$$libinit$$0000001B  c_w.l(libinit2.o)
    0x0800020e   0x0800020e   0x00000000   Code   RO         1311    .ARM.Collect$$libinit$$0000001D  c_w.l(libinit2.o)
    0x0800020e   0x0800020e   0x00000000   Code   RO         1313    .ARM.Collect$$libinit$$0000001F  c_w.l(libinit2.o)
    0x0800020e   0x0800020e   0x00000000   Code   RO         1315    .ARM.Collect$$libinit$$00000021  c_w.l(libinit2.o)
    0x0800020e   0x0800020e   0x00000000   Code   RO         1317    .ARM.Collect$$libinit$$00000023  c_w.l(libinit2.o)
    0x0800020e   0x0800020e   0x00000000   Code   RO         1319    .ARM.Collect$$libinit$$00000025  c_w.l(libinit2.o)
    0x0800020e   0x0800020e   0x00000000   Code   RO         1323    .ARM.Collect$$libinit$$0000002C  c_w.l(libinit2.o)
    0x0800020e   0x0800020e   0x00000000   Code   RO         1325    .ARM.Collect$$libinit$$0000002E  c_w.l(libinit2.o)
    0x0800020e   0x0800020e   0x00000000   Code   RO         1327    .ARM.Collect$$libinit$$00000030  c_w.l(libinit2.o)
    0x0800020e   0x0800020e   0x00000000   Code   RO         1329    .ARM.Collect$$libinit$$00000032  c_w.l(libinit2.o)
    0x0800020e   0x0800020e   0x00000002   Code   RO         1330    .ARM.Collect$$libinit$$00000033  c_w.l(libinit2.o)
    0x08000210   0x08000210   0x00000002   Code   RO         1350    .ARM.Collect$$libshutdown$$00000000  c_w.l(libshutdown.o)
    0x08000212   0x08000212   0x00000000   Code   RO         1363    .ARM.Collect$$libshutdown$$00000002  c_w.l(libshutdown2.o)
    0x08000212   0x08000212   0x00000000   Code   RO         1365    .ARM.Collect$$libshutdown$$00000004  c_w.l(libshutdown2.o)
    0x08000212   0x08000212   0x00000000   Code   RO         1368    .ARM.Collect$$libshutdown$$00000007  c_w.l(libshutdown2.o)
    0x08000212   0x08000212   0x00000000   Code   RO         1371    .ARM.Collect$$libshutdown$$0000000A  c_w.l(libshutdown2.o)
    0x08000212   0x08000212   0x00000000   Code   RO         1373    .ARM.Collect$$libshutdown$$0000000C  c_w.l(libshutdown2.o)
    0x08000212   0x08000212   0x00000000   Code   RO         1376    .ARM.Collect$$libshutdown$$0000000F  c_w.l(libshutdown2.o)
    0x08000212   0x08000212   0x00000002   Code   RO         1377    .ARM.Collect$$libshutdown$$00000010  c_w.l(libshutdown2.o)
    0x08000214   0x08000214   0x00000000   Code   RO         1255    .ARM.Collect$$rtentry$$00000000  c_w.l(__rtentry.o)
    0x08000214   0x08000214   0x00000000   Code   RO         1257    .ARM.Collect$$rtentry$$00000002  c_w.l(__rtentry2.o)
    0x08000214   0x08000214   0x00000006   Code   RO         1269    .ARM.Collect$$rtentry$$00000004  c_w.l(__rtentry4.o)
    0x0800021a   0x0800021a   0x00000000   Code   RO         1259    .ARM.Collect$$rtentry$$00000009  c_w.l(__rtentry2.o)
    0x0800021a   0x0800021a   0x00000004   Code   RO         1260    .ARM.Collect$$rtentry$$0000000A  c_w.l(__rtentry2.o)
    0x0800021e   0x0800021e   0x00000000   Code   RO         1262    .ARM.Collect$$rtentry$$0000000C  c_w.l(__rtentry2.o)
    0x0800021e   0x0800021e   0x00000008   Code   RO         1263    .ARM.Collect$$rtentry$$0000000D  c_w.l(__rtentry2.o)
    0x08000226   0x08000226   0x00000002   Code   RO         1284    .ARM.Collect$$rtexit$$00000000  c_w.l(rtexit.o)
    0x08000228   0x08000228   0x00000000   Code   RO         1332    .ARM.Collect$$rtexit$$00000002  c_w.l(rtexit2.o)
    0x08000228   0x08000228   0x00000004   Code   RO         1333    .ARM.Collect$$rtexit$$00000003  c_w.l(rtexit2.o)
    0x0800022c   0x0800022c   0x00000006   Code   RO         1334    .ARM.Collect$$rtexit$$00000004  c_w.l(rtexit2.o)
    0x08000232   0x08000232   0x00000002   PAD
    0x08000234   0x08000234   0x00000040   Code   RO          247    .text               startup_stm32f401xe.o
    0x08000274   0x08000274   0x00000006   Code   RO         1251    .text               c_w.l(heapauxi.o)
    0x0800027a   0x0800027a   0x0000004a   Code   RO         1271    .text               c_w.l(sys_stackheap_outer.o)
    0x080002c4   0x080002c4   0x00000012   Code   RO         1273    .text               c_w.l(exit.o)
    0x080002d6   0x080002d6   0x00000002   PAD
    0x080002d8   0x080002d8   0x00000008   Code   RO         1281    .text               c_w.l(libspace.o)
    0x080002e0   0x080002e0   0x0000000c   Code   RO         1342    .text               c_w.l(sys_exit.o)
    0x080002ec   0x080002ec   0x00000002   Code   RO         1353    .text               c_w.l(use_no_semi.o)
    0x080002ee   0x080002ee   0x00000000   Code   RO         1355    .text               c_w.l(indicate_semi.o)
    0x080002ee   0x080002ee   0x00000004   Code   RO          107    i.BusFault_Handler  stm32f4xx_it.o
    0x080002f2   0x080002f2   0x00000002   Code   RO          108    i.DebugMon_Handler  stm32f4xx_it.o
    0x080002f4   0x080002f4   0x00000004   Code   RO          109    i.HardFault_Handler  stm32f4xx_it.o
    0x080002f8   0x080002f8   0x0000001c   Code   RO         1058    i.LL_AHB1_GRP1_EnableClock  exampleprogram1.o
    0x08000314   0x08000314   0x00000006   Code   RO         1059    i.LL_GPIO_ResetOutputPin  exampleprogram1.o
    0x0800031a   0x0800031a   0x00000004   Code   RO         1060    i.LL_GPIO_SetOutputPin  exampleprogram1.o
    0x0800031e   0x0800031e   0x00000028   Code   RO         1061    i.LL_GPIO_SetPinMode  exampleprogram1.o
    0x08000346   0x08000346   0x00000010   Code   RO         1062    i.LL_GPIO_SetPinOutputType  exampleprogram1.o
    0x08000356   0x08000356   0x00000028   Code   RO         1063    i.LL_GPIO_SetPinPull  exampleprogram1.o
    0x0800037e   0x0800037e   0x00000028   Code   RO         1064    i.LL_GPIO_SetPinSpeed  exampleprogram1.o
    0x080003a6   0x080003a6   0x00000004   Code   RO          110    i.MemManage_Handler  stm32f4xx_it.o
    0x080003aa   0x080003aa   0x00000002   Code   RO          111    i.NMI_Handler       stm32f4xx_it.o
    0x080003ac   0x080003ac   0x00000018   Code   RO         1065    i.PB_RIGHT_pressed  exampleprogram1.o
    0x080003c4   0x080003c4   0x00000002   Code   RO          112    i.PendSV_Handler    stm32f4xx_it.o
    0x080003c6   0x080003c6   0x0000005e   Code   RO         1066    i.PlayTune          exampleprogram1.o
    0x08000424   0x08000424   0x00000002   Code   RO          113    i.SVC_Handler       stm32f4xx_it.o
    0x08000426   0x08000426   0x00000002   PAD
    0x08000428   0x08000428   0x00000010   Code   RO         1067    i.SysTick_Handler   exampleprogram1.o
    0x08000438   0x08000438   0x0000015c   Code   RO         1068    i.SystemClock_Config  exampleprogram1.o
    0x08000594   0x08000594   0x00000064   Code   RO          355    i.SystemInit        system_stm32f4xx.o
    0x080005f8   0x080005f8   0x00000004   Code   RO          114    i.UsageFault_Handler  stm32f4xx_it.o
    0x080005fc   0x080005fc   0x00000038   Code   RO         1069    i.delay_micro_s     exampleprogram1.o
    0x08000634   0x08000634   0x00000134   Code   RO         1070    i.main              exampleprogram1.o
    0x08000768   0x08000768   0x0000000c   Code   RO         1071    i.millis            exampleprogram1.o
    0x08000774   0x08000774   0x00000058   Code   RO         1072    i.switch_LED_off    exampleprogram1.o
    0x080007cc   0x080007cc   0x00000058   Code   RO         1073    i.switch_LED_on     exampleprogram1.o
    0x08000824   0x08000824   0x0000000a   Code   RO         1340    x$fpl$fpinit        fz_wm.l(fpinit.o)
    0x0800082e   0x0800082e   0x00000d70   Data   RO         1074    .constdata          exampleprogram1.o
    0x0800159e   0x0800159e   0x00000002   PAD
    0x080015a0   0x080015a0   0x00000020   Data   RO         1408    Region$$Table       anon$$obj.o


    Execution Region RW_IRAM1 (Exec base: 0x20000000, Load base: 0x080015c0, Size: 0x00000668, Max: 0x00018000, ABSOLUTE)

    Exec Addr    Load Addr    Size         Type   Attr      Idx    E Section Name        Object

    0x20000000   0x080015c0   0x00000004   Data   RW          357    .data               system_stm32f4xx.o
    0x20000004   0x080015c4   0x00000004   Data   RW         1075    .data               exampleprogram1.o
    0x20000008        -       0x00000060   Zero   RW         1282    .bss                c_w.l(libspace.o)
    0x20000068        -       0x00000200   Zero   RW          245    HEAP                startup_stm32f401xe.o
    0x20000268        -       0x00000400   Zero   RW          244    STACK               startup_stm32f401xe.o


==============================================================================

Image component sizes


      Code (inc. data)   RO Data    RW Data    ZI Data      Debug   Object Name

      1208        100       3440          4          0     419023   exampleprogram1.o
        64         26        404          0       1536        832   startup_stm32f401xe.o
        24          0          0          0          0       3448   stm32f4xx_it.o
         0          0          0          0          0       4564   stm32f4xx_ll_usart.o
       100         18          0          4          0       1191   system_stm32f4xx.o

    ----------------------------------------------------------------------
      1398        144       3878          8       1536     429058   Object Totals
         0          0         32          0          0          0   (incl. Generated)
         2          0          2          0          0          0   (incl. Padding)

    ----------------------------------------------------------------------

      Code (inc. data)   RO Data    RW Data    ZI Data      Debug   Library Member Name

         8          0          0          0          0         68   __main.o
         0          0          0          0          0          0   __rtentry.o
        12          0          0          0          0          0   __rtentry2.o
         6          0          0          0          0          0   __rtentry4.o
        52          8          0          0          0          0   __scatter.o
        26          0          0          0          0          0   __scatter_copy.o
        28          0          0          0          0          0   __scatter_zi.o
        18          0          0          0          0         80   exit.o
         6          0          0          0          0        152   heapauxi.o
         0          0          0          0          0          0   indicate_semi.o
         2          0          0          0          0          0   libinit.o
         6          0          0          0          0          0   libinit2.o
         2          0          0          0          0          0   libshutdown.o
         2          0          0          0          0          0   libshutdown2.o
         8          4          0          0         96         68   libspace.o
         2          0          0          0          0          0   rtexit.o
        10          0          0          0          0          0   rtexit2.o
        12          4          0          0          0         68   sys_exit.o
        74          0          0          0          0         80   sys_stackheap_outer.o
         2          0          0          0          0         68   use_no_semi.o
        10          0          0          0          0        116   fpinit.o

    ----------------------------------------------------------------------
       292         16          0          0         96        700   Library Totals
         6          0          0          0          0          0   (incl. Padding)

    ----------------------------------------------------------------------

      Code (inc. data)   RO Data    RW Data    ZI Data      Debug   Library Name

       276         16          0          0         96        584   c_w.l
        10          0          0          0          0        116   fz_wm.l

    ----------------------------------------------------------------------
       292         16          0          0         96        700   Library Totals

    ----------------------------------------------------------------------

==============================================================================


      Code (inc. data)   RO Data    RW Data    ZI Data      Debug   

      1690        160       3878          8       1632     427602   Grand Totals
      1690        160       3878          8       1632     427602   ELF Image Totals
      1690        160       3878          8          0          0   ROM Totals

==============================================================================

    Total RO  Size (Code + RO Data)                 5568 (   5.44kB)
    Total RW  Size (RW Data + ZI Data)              1640 (   1.60kB)
    Total ROM Size (Code + RO Data + RW Data)       5576 (   5.45kB)

==============================================================================

